Microchip MPLAB XC8 Compiler V1.38 ()

Linker command line:

--edf=C:\Program Files (x86)\Microchip\xc8\v1.38\dat\en_msgs.txt -cs \
  -h+dist/default/production\iRobot.X.production.sym \
  --cmf=dist/default/production\iRobot.X.production.cmf -z -Q16F877A \
  -oC:\Users\Brendan\AppData\Local\Temp\saeo.2 \
  -Mdist/default/production/iRobot.X.production.map -E1 -ver=XC8 \
  -ASTACK=0110h-016fh -pstack=STACK -ACODE=00h-07FFhx4 -ASTRCODE=00h-01FFFh \
  -ASTRING=00h-0FFhx32 -ACONST=00h-0FFhx32 -AENTRY=00h-0FFhx32 \
  -ACOMMON=070h-07Fh -ABANK0=020h-06Fh -ABANK1=0A0h-0EFh \
  -ABANK2=0110h-016Fh -ABANK3=0190h-01EFh \
  -ARAM=020h-06Fh,0A0h-0EFh,0110h-016Fh,0190h-01EFh \
  -AABS1=020h-07Fh,0A0h-0EFh,0110h-016Fh,0190h-01EFh -ASFR0=00h-01Fh \
  -ASFR1=080h-09Fh -ASFR2=0100h-010Fh -ASFR3=0180h-018Fh \
  -preset_vec=00h,intentry=04h,init,end_init -ppowerup=CODE -pcinit=CODE \
  -pfunctab=CODE -ACONFIG=02007h-02007h -pconfig=CONFIG -DCONFIG=2 \
  -AIDLOC=02000h-02003h -pidloc=IDLOC -DIDLOC=2 -AEEDATA=00h-0FFh/02100h \
  -peeprom_data=EEDATA -DEEDATA=2 -DCODE=2 -DSTRCODE=2 -DSTRING=2 -DCONST=2 \
  -DENTRY=2 -k C:\Users\Brendan\AppData\Local\Temp\saeo.obj \
  dist/default/production\iRobot.X.production.obj 

Object code version is 3.11

Machine type is 16F877A



                Name                               Link     Load   Length Selector   Space Scale
C:\Users\Brendan\AppData\Local\Temp\saeo.obj
                end_init                             12       12        3        8       0
                reset_vec                             0        0        3        0       0
                config                             2007     2007        1     400E       0
dist/default/production\iRobot.X.production.obj
                cinit                                15       15       1A        8       0
                intentry                              4        4        E        8       0
                text23                              F90      F90       32     1F20       0
                text22                              747      747       46        8       0
                text21                              5C8      5C8       8F        8       0
                text20                              FC2      FC2       3E     1F84       0
                text19                              F48      F48       23     1E90       0
                text18                               2F       2F      33E        8       0
                text17                              78D      78D       45        8       0
                text16                              EAE      EAE       14     1D5C       0
                text15                              E74      E74        9     1CE8       0
                text14                              E9B      E9B       13     1D36       0
                text13                              531      531       97        8       0
                text12                              F28      F28       20     1E50       0
                text11                              EF0      EF0       19     1DE0       0
                text10                              F6B      F6B       25     1ED6       0
                text9                               F09      F09       1F     1E12       0
                text8                               657      657       5D        8       0
                text7                               6FF      6FF       48        8       0
                text6                               6B4      6B4       4B        8       0
                text5                               E7D      E7D        F     1CFA       0
                text4                               EC2      EC2       16     1D84       0
                text3                               7D2      7D2       29        8       0
                text2                               ED8      ED8       18     1DB0       0
                text1                               E8C      E8C        F     1D18       0
                maintext                            36D      36D      1C4        8       0
                cstackBANK0                          47       47       23       20       1
                cstackCOMMON                         70       70        B       70       1
                clrtext                             E6C      E6C        8     1CD8       0
                dataBANK0                            6A       6A        2       20       1
                bssBANK0                             20       20       27       20       1
                bssCOMMON                            7C       7C        2       70       1
                bitbssCOMMON                        3D8       7B        3       70       1     8
                idataBANK0                          7FB      7FB        2        8       0

TOTAL           Name                               Link     Load   Length     Space
        CLASS   STACK          

        CLASS   CODE           
                end_init                             12       12        3         0
                cinit                                15       15       1A         0
                intentry                              4        4        E         0
                reset_vec                             0        0        3         0
                text23                              F90      F90       32         0
                text22                              747      747       46         0
                text21                              5C8      5C8       8F         0
                text20                              FC2      FC2       3E         0
                text19                              F48      F48       23         0
                text18                               2F       2F      33E         0
                text17                              78D      78D       45         0
                text16                              EAE      EAE       14         0
                text15                              E74      E74        9         0
                text14                              E9B      E9B       13         0
                text13                              531      531       97         0
                text12                              F28      F28       20         0
                text11                              EF0      EF0       19         0
                text10                              F6B      F6B       25         0
                text9                               F09      F09       1F         0
                text8                               657      657       5D         0
                text7                               6FF      6FF       48         0
                text6                               6B4      6B4       4B         0
                text5                               E7D      E7D        F         0
                text4                               EC2      EC2       16         0
                text3                               7D2      7D2       29         0
                text2                               ED8      ED8       18         0
                text1                               E8C      E8C        F         0
                maintext                            36D      36D      1C4         0
                clrtext                             E6C      E6C        8         0
                idataBANK0                          7FB      7FB        2         0

        CLASS   STRCODE        

        CLASS   STRING         

        CLASS   CONST          

        CLASS   ENTRY          

        CLASS   COMMON         
                cstackCOMMON                         70       70        B         1
                bssCOMMON                            7C       7C        2         1
                bitbssCOMMON                        3D8       7B        3         1

        CLASS   BANK0          
                cstackBANK0                          47       47       23         1
                dataBANK0                            6A       6A        2         1
                bssBANK0                             20       20       27         1

        CLASS   BANK1          

        CLASS   BANK2          

        CLASS   BANK3          

        CLASS   RAM            

        CLASS   ABS1           
                abs_s1                               7E       7E        2         1

        CLASS   SFR0           

        CLASS   SFR1           

        CLASS   SFR2           

        CLASS   SFR3           

        CLASS   CONFIG         
                config                             2007     2007        1         0

        CLASS   IDLOC          

        CLASS   EEDATA         



SEGMENTS        Name                           Load    Length   Top    Selector   Space  Class     Delta

                reset_vec                      000000  000003  000003         0       0  CODE        2
                intentry                       000004  0007F9  0007FD         8       0  CODE        2
                bssBANK0                       000020  00004C  00006C        20       1  BANK0       1
                cstackCOMMON                   000070  00000E  00007E        70       1  COMMON      1
                clrtext                        000E6C  000008  000E74      1CD8       0  CODE        2
                text15                         000E74  000009  000E7D      1CE8       0  CODE        2
                text5                          000E7D  00000F  000E8C      1CFA       0  CODE        2
                text1                          000E8C  00000F  000E9B      1D18       0  CODE        2
                text14                         000E9B  000013  000EAE      1D36       0  CODE        2
                text16                         000EAE  000014  000EC2      1D5C       0  CODE        2
                text4                          000EC2  000016  000ED8      1D84       0  CODE        2
                text2                          000ED8  000018  000EF0      1DB0       0  CODE        2
                text11                         000EF0  000019  000F09      1DE0       0  CODE        2
                text9                          000F09  00001F  000F28      1E12       0  CODE        2
                text12                         000F28  000020  000F48      1E50       0  CODE        2
                text19                         000F48  000023  000F6B      1E90       0  CODE        2
                text10                         000F6B  000025  000F90      1ED6       0  CODE        2
                text23                         000F90  000032  000FC2      1F20       0  CODE        2
                text20                         000FC2  00003E  001000      1F84       0  CODE        2
                config                         002007  000001  002008      400E       0  CONFIG      2


UNUSED ADDRESS RANGES

        Name                Unused          Largest block    Delta
        BANK0            006C-006F              4           1
        BANK1            00A0-00EF             50           1
        BANK2            0110-016F             60           1
        BANK3            0190-01EF             60           1
        CODE             0003-0003              1           2
                         07FD-0E6B              3
                         1000-1FFF            800
        CONST            0003-0003              1           2
                         07FD-0E6B            100
                         1000-1FFF            100
        EEDATA           2100-21FF            100           2
        ENTRY            0003-0003              1           2
                         07FD-0E6B            100
                         1000-1FFF            100
        IDLOC            2000-2003              4           2
        RAM              006C-006F              4           1
                         00A0-00EF             50
                         0110-016F             60
                         0190-01EF             60
        SFR0             0000-001F             20           1
        SFR1             0080-009F             20           1
        SFR2             0100-010F             10           1
        SFR3             0180-018F             10           1
        STACK            0110-016F             60           1
        STRCODE          0003-0003              1           2
                         07FD-0E6B            66F
                         1000-1FFF           1000
        STRING           0003-0003              1           2
                         07FD-0E6B            100
                         1000-1FFF            100

                                  Symbol Table

?___aldiv                       cstackBANK0  004D
?___lwdiv                       cstackBANK0  004D
?___lwmod                       cstackCOMMON 0070
?___wmul                        cstackBANK0  0047
?_ser_getch                     cstackBANK0  0047
Drive@radH                      cstackBANK0  004F
Drive@radL                      cstackBANK0  0051
Drive@speedH                    cstackBANK0  004B
Drive@speedL                    cstackBANK0  004D
_ADCMain                        text12       0F28
_ADCON0                         (abs)        001F
_ADCON1                         (abs)        009F
_ADRESH                         (abs)        001E
_ADRESL                         (abs)        009E
_Distance                       bssBANK0     0020
_Drive                          text10       0F6B
_FLAG_1000MS                    bitbssCOMMON 03D8
_FLAG_PLAY                      bitbssCOMMON 03D9
_GIE                            (abs)        005F
_GO                             (abs)        00FA
_OPTION_REG                     (abs)        0081
_PB6Counter                     bssBANK0     003E
_PB7Counter                     bssBANK0     003F
_PB8Counter                     bssBANK0     0040
_PEIE                           (abs)        005E
_PORTA                          (abs)        0005
_PORTC                          (abs)        0007
_PORTD                          (abs)        0008
_PORTE                          (abs)        0009
_RB0                            (abs)        0030
_RB1                            (abs)        0031
_RB2                            (abs)        0032
_RB3                            (abs)        0033
_RB4                            (abs)        0034
_RC2                            (abs)        003A
_RCIF                           (abs)        0065
_RCREG                          (abs)        001A
_RCSTA                          (abs)        0018
_RE0                            (abs)        0048
_RE1                            (abs)        0049
_RE2                            (abs)        004A
_SPBRG                          (abs)        0099
_SSPBUF                         (abs)        0013
_SSPCON                         (abs)        0014
_SSPIF                          (abs)        0063
_SSPSTAT                        (abs)        0094
_TMR0                           (abs)        0001
_TMR0IE                         (abs)        005D
_TMR0IF                         (abs)        005A
_TRISA                          (abs)        0085
_TRISB                          (abs)        0086
_TRISC                          (abs)        0087
_TRISD                          (abs)        0088
_TRISE                          (abs)        0089
_TRMT                           (abs)        04C1
_TXREG                          (abs)        0019
_TXSTA                          (abs)        0098
__CFG_BOREN$OFF                 (abs)        0000
__CFG_CP$OFF                    (abs)        0000
__CFG_CPD$OFF                   (abs)        0000
__CFG_FOSC$HS                   (abs)        0000
__CFG_LVP$OFF                   (abs)        0000
__CFG_PWRTE$OFF                 (abs)        0000
__CFG_WDTE$OFF                  (abs)        0000
__CFG_WRT$OFF                   (abs)        0000
__Habs1                         abs1         0000
__Hbank0                        bank0        0000
__Hbank1                        bank1        0000
__Hbank2                        bank2        0000
__Hbank3                        bank3        0000
__HbitbssCOMMON                 bitbssCOMMON 0000
__HbssBANK0                     bssBANK0     0000
__HbssCOMMON                    bssCOMMON    0000
__Hcinit                        cinit        002F
__Hclrtext                      clrtext      0000
__Hcode                         code         0000
__Hcommon                       common       0000
__Hconfig                       config       2008
__HcstackBANK0                  cstackBANK0  0000
__HcstackCOMMON                 cstackCOMMON 0000
__HdataBANK0                    dataBANK0    0000
__Heeprom_data                  eeprom_data  0000
__Hend_init                     end_init     0015
__Hfunctab                      functab      0000
__HidataBANK0                   idataBANK0   0000
__Hidloc                        idloc        0000
__Hinit                         init         0012
__Hintentry                     intentry     0012
__Hmaintext                     maintext     0000
__Hpowerup                      powerup      0000
__Hram                          ram          0000
__Hreset_vec                    reset_vec    0003
__Hsfr0                         sfr0         0000
__Hsfr1                         sfr1         0000
__Hsfr2                         sfr2         0000
__Hsfr3                         sfr3         0000
__Hspace_0                      (abs)        2008
__Hspace_1                      (abs)        03DB
__Hspace_2                      (abs)        0000
__Hspace_3                      (abs)        0000
__Hstack                        stack        0000
__Hstrings                      strings      0000
__Htext                         text         0000
__Labs1                         abs1         0000
__Lbank0                        bank0        0000
__Lbank1                        bank1        0000
__Lbank2                        bank2        0000
__Lbank3                        bank3        0000
__LbitbssCOMMON                 bitbssCOMMON 0000
__LbssBANK0                     bssBANK0     0000
__LbssCOMMON                    bssCOMMON    0000
__Lcinit                        cinit        0015
__Lclrtext                      clrtext      0000
__Lcode                         code         0000
__Lcommon                       common       0000
__Lconfig                       config       2007
__LcstackBANK0                  cstackBANK0  0000
__LcstackCOMMON                 cstackCOMMON 0000
__LdataBANK0                    dataBANK0    0000
__Leeprom_data                  eeprom_data  0000
__Lend_init                     end_init     0012
__Lfunctab                      functab      0000
__LidataBANK0                   idataBANK0   0000
__Lidloc                        idloc        0000
__Linit                         init         0012
__Lintentry                     intentry     0004
__Lmaintext                     maintext     0000
__Lpowerup                      powerup      0000
__Lram                          ram          0000
__Lreset_vec                    reset_vec    0000
__Lsfr0                         sfr0         0000
__Lsfr1                         sfr1         0000
__Lsfr2                         sfr2         0000
__Lsfr3                         sfr3         0000
__Lspace_0                      (abs)        0000
__Lspace_1                      (abs)        0000
__Lspace_2                      (abs)        0000
__Lspace_3                      (abs)        0000
__Lstack                        stack        0000
__Lstrings                      strings      0000
__Ltext                         text         0000
__S0                            (abs)        2008
__S1                            (abs)        007E
__S2                            (abs)        0000
__S3                            (abs)        0000
___aldiv                        text21       05C8
___aldiv@counter                cstackBANK0  0056
___aldiv@dividend               cstackBANK0  0051
___aldiv@divisor                cstackBANK0  004D
___aldiv@quotient               cstackBANK0  0058
___aldiv@sign                   cstackBANK0  0057
___int_sp                       stack        0000
___latbits                      (abs)        0002
___lwdiv                        text20       0FC2
___lwdiv@counter                cstackBANK0  0054
___lwdiv@dividend               cstackBANK0  004F
___lwdiv@divisor                cstackBANK0  004D
___lwdiv@quotient               cstackBANK0  0052
___lwmod                        text23       0F90
___lwmod@counter                cstackCOMMON 0075
___lwmod@dividend               cstackCOMMON 0072
___lwmod@divisor                cstackCOMMON 0070
___sp                           stack        0000
___wmul                         text19       0F48
___wmul@multiplicand            cstackBANK0  0049
___wmul@multiplier              cstackBANK0  0047
___wmul@product                 cstackBANK0  004B
__end_of_ADCMain                text12       0F48
__end_of_Drive                  text10       0F90
__end_of___aldiv                text21       0657
__end_of___lwdiv                text20       1000
__end_of___lwmod                text23       0FC2
__end_of___wmul                 text19       0F6B
__end_of__initialization        cinit        002B
__end_of_adcConvertMM           text18       036D
__end_of_getADC                 text17       07D2
__end_of_getDistTrav            text8        06B4
__end_of_isr                    text22       078D
__end_of_lcdSetCursor           text15       0E7D
__end_of_lcdWriteControl        text16       0EC2
__end_of_lcdWriteData           text14       0EAE
__end_of_lcdWriteToDigitBCD     text13       05C8
__end_of_main                   maintext     0531
__end_of_moveCCW                text7        0747
__end_of_moveCW                 text6        06FF
__end_of_ser_getch              text9        0F28
__end_of_ser_init               text5        0E8C
__end_of_ser_putch              text11       0F09
__end_of_setupADC               text4        0ED8
__end_of_setupLCD               text3        07FB
__end_of_setupSPI               text2        0EF0
__end_of_spi_transfer           text1        0E9B
__initialization                cinit        0015
__pbitbssCOMMON                 bitbssCOMMON 03D8
__pbssBANK0                     bssBANK0     0020
__pbssCOMMON                    bssCOMMON    007C
__pcstackBANK0                  cstackBANK0  0047
__pcstackCOMMON                 cstackCOMMON 0070
__pdataBANK0                    dataBANK0    006A
__pidataBANK0                   idataBANK0   07FB
__pintentry                     intentry     0004
__pmaintext                     maintext     036D
__ptext1                        text1        0E8C
__ptext10                       text10       0F6B
__ptext11                       text11       0EF0
__ptext12                       text12       0F28
__ptext13                       text13       0531
__ptext14                       text14       0E9B
__ptext15                       text15       0E74
__ptext16                       text16       0EAE
__ptext17                       text17       078D
__ptext18                       text18       002F
__ptext19                       text19       0F48
__ptext2                        text2        0ED8
__ptext20                       text20       0FC2
__ptext21                       text21       05C8
__ptext22                       text22       0747
__ptext23                       text23       0F90
__ptext3                        text3        07D2
__ptext4                        text4        0EC2
__ptext5                        text5        0E7D
__ptext6                        text6        06B4
__ptext7                        text7        06FF
__ptext8                        text8        0657
__ptext9                        text9        0F09
__size_of_ADCMain               (abs)        0000
__size_of_Drive                 (abs)        0000
__size_of___aldiv               (abs)        0000
__size_of___lwdiv               (abs)        0000
__size_of___lwmod               (abs)        0000
__size_of___wmul                (abs)        0000
__size_of_adcConvertMM          (abs)        0000
__size_of_getADC                (abs)        0000
__size_of_getDistTrav           (abs)        0000
__size_of_isr                   (abs)        0000
__size_of_lcdSetCursor          (abs)        0000
__size_of_lcdWriteControl       (abs)        0000
__size_of_lcdWriteData          (abs)        0000
__size_of_lcdWriteToDigitBCD    (abs)        0000
__size_of_main                  (abs)        0000
__size_of_moveCCW               (abs)        0000
__size_of_moveCW                (abs)        0000
__size_of_ser_getch             (abs)        0000
__size_of_ser_init              (abs)        0000
__size_of_ser_putch             (abs)        0000
__size_of_setupADC              (abs)        0000
__size_of_setupLCD              (abs)        0000
__size_of_setupSPI              (abs)        0000
__size_of_spi_transfer          (abs)        0000
_adcClosest                     dataBANK0    006A
_adcConvertMM                   text18       002F
_adcRAW                         bssBANK0     0022
_count                          bssBANK0     0042
_currentStep                    bssCOMMON    007C
_degrees                        bssBANK0     0026
_distTrav                       bssBANK0     0028
_driving                        bitbssCOMMON 03DA
_getADC                         text17       078D
_getDistTrav                    text8        0657
_highByte                       bssBANK0     0045
_isr                            text22       0747
_lcdSetCursor                   text15       0E74
_lcdWriteControl                text16       0EAE
_lcdWriteData                   text14       0E9B
_lcdWriteToDigitBCD             text13       0531
_loop                           bssBANK0     002A
_lowByte                        bssBANK0     002C
_main                           maintext     036D
_moveCCW                        text7        06FF
_moveCW                         text6        06B4
_negativeFlag                   bssBANK0     0043
_ser_getch                      text9        0F09
_ser_init                       text5        0E7D
_ser_putch                      text11       0EF0
_setupADC                       text4        0EC2
_setupLCD                       text3        07D2
_setupSPI                       text2        0ED8
_spi_transfer                   text1        0E8C
_stepClosest                    bssBANK0     0036
_stepCount                      bssBANK0     0044
_stepCountNeg                   bssBANK0     0038
_time_count                     bssBANK0     003A
_totalDistTrav                  bssBANK0     003C
adcConvertMM@adcRAW             cstackBANK0  005C
btemp                           (abs)        007E
clear_ram0                      clrtext      0E6C
end_of_initialization           cinit        002B
interrupt_function              intentry     0004
intlevel0                       functab      0000
intlevel1                       functab      0000
intlevel2                       functab      0000
intlevel3                       functab      0000
intlevel4                       functab      0000
intlevel5                       functab      0000
lcdSetCursor@address            cstackBANK0  004A
lcdWriteControl@databyte        cstackBANK0  0049
lcdWriteData@databyte           cstackBANK0  0049
lcdWriteToDigitBCD@HunsDigit    cstackBANK0  004E
lcdWriteToDigitBCD@OnesDigit    cstackBANK0  0054
lcdWriteToDigitBCD@TenThouDigit cstackBANK0  0052
lcdWriteToDigitBCD@TensDigit    cstackBANK0  004C
lcdWriteToDigitBCD@ThouDigit    cstackBANK0  0050
lcdWriteToDigitBCD@data         cstackBANK0  004A
ltemp                           (abs)        007E
ltemp0                          (abs)        007E
ltemp1                          (abs)        0082
ltemp2                          (abs)        0086
ltemp3                          (abs)        0080
main@controlByte                cstackBANK0  0069
reset_vec                       reset_vec    0000
saved_w                         (abs)        007E
ser_getch@rxbyte                cstackBANK0  004C
ser_putch@c                     cstackBANK0  004A
spi_transfer@data               cstackBANK0  0049
spi_transfer@temp               cstackBANK0  0048
stackhi                         (abs)        0000
stacklo                         (abs)        0000
start                           init         0012
start_initialization            cinit        0015
ttemp                           (abs)        007E
ttemp0                          (abs)        007E
ttemp1                          (abs)        0081
ttemp2                          (abs)        0084
ttemp3                          (abs)        0087
ttemp4                          (abs)        007F
wtemp                           (abs)        007E
wtemp0                          (abs)        007E
wtemp1                          (abs)        0080
wtemp2                          (abs)        0082
wtemp3                          (abs)        0084
wtemp4                          (abs)        0086
wtemp5                          (abs)        0088
wtemp6                          (abs)        007F


FUNCTION INFORMATION:

 *************** function _main *****************
 Defined at:
		line 63 in file "main.c"
 Parameters:    Size  Location     Type
		None
 Auto vars:     Size  Location     Type
  controlByte     1   34[BANK0 ] unsigned char 
 Return value:  Size  Location     Type
                  1    wreg      void 
 Registers used:
		wreg, fsr0l, fsr0h, status,2, status,0, btemp+1, pclath, cstack
 Tracked objects:
		On entry : 
		On exit  : 
		Unchanged: 
 Data sizes:     COMMON   BANK0   BANK1   BANK3   BANK2
      Params:         0       0       0       0       0
      Locals:         0       1       0       0       0
      Temps:          0       3       0       0       0
      Totals:         0       4       0       0       0
Total ram usage:        4 bytes
 Hardware stack levels required when called:    5
 This function calls:
		_ADCMain
		_Drive
		_getDistTrav
		_lcdWriteToDigitBCD
		_moveCCW
		_moveCW
		_ser_init
		_ser_putch
		_setupADC
		_setupLCD
		_setupSPI
		_spi_transfer
 This function is called by:
		Startup code after reset
 This function uses a non-reentrant model


 *************** function _spi_transfer *****************
 Defined at:
		line 23 in file "SPI.c"
 Parameters:    Size  Location     Type
  data            1    wreg     unsigned char 
 Auto vars:     Size  Location     Type
  data            1    2[BANK0 ] unsigned char 
  temp            1    1[BANK0 ] unsigned char 
 Return value:  Size  Location     Type
                  1    wreg      unsigned char 
 Registers used:
		wreg, status,2
 Tracked objects:
		On entry : 
		On exit  : 
		Unchanged: 
 Data sizes:     COMMON   BANK0   BANK1   BANK3   BANK2
      Params:         0       0       0       0       0
      Locals:         0       2       0       0       0
      Temps:          0       1       0       0       0
      Totals:         0       3       0       0       0
Total ram usage:        3 bytes
 Hardware stack levels used:    1
 Hardware stack levels required when called:    2
 This function calls:
		Nothing
 This function is called by:
		_main
 This function uses a non-reentrant model


 *************** function _setupSPI *****************
 Defined at:
		line 4 in file "SPI.c"
 Parameters:    Size  Location     Type
		None
 Auto vars:     Size  Location     Type
		None
 Return value:  Size  Location     Type
                  1    wreg      void 
 Registers used:
		wreg, status,2
 Tracked objects:
		On entry : 
		On exit  : 
		Unchanged: 
 Data sizes:     COMMON   BANK0   BANK1   BANK3   BANK2
      Params:         0       0       0       0       0
      Locals:         0       0       0       0       0
      Temps:          0       0       0       0       0
      Totals:         0       0       0       0       0
Total ram usage:        0 bytes
 Hardware stack levels used:    1
 Hardware stack levels required when called:    2
 This function calls:
		Nothing
 This function is called by:
		_main
 This function uses a non-reentrant model


 *************** function _setupLCD *****************
 Defined at:
		line 86 in file "LCD.c"
 Parameters:    Size  Location     Type
		None
 Auto vars:     Size  Location     Type
		None
 Return value:  Size  Location     Type
                  1    wreg      void 
 Registers used:
		wreg, status,2, status,0, pclath, cstack
 Tracked objects:
		On entry : 
		On exit  : 
		Unchanged: 
 Data sizes:     COMMON   BANK0   BANK1   BANK3   BANK2
      Params:         0       0       0       0       0
      Locals:         0       0       0       0       0
      Temps:          0       0       0       0       0
      Totals:         0       0       0       0       0
Total ram usage:        0 bytes
 Hardware stack levels used:    1
 Hardware stack levels required when called:    3
 This function calls:
		_lcdWriteControl
 This function is called by:
		_main
 This function uses a non-reentrant model


 *************** function _setupADC *****************
 Defined at:
		line 8 in file "ADC.c"
 Parameters:    Size  Location     Type
		None
 Auto vars:     Size  Location     Type
		None
 Return value:  Size  Location     Type
                  1    wreg      void 
 Registers used:
		wreg, status,2
 Tracked objects:
		On entry : 
		On exit  : 
		Unchanged: 
 Data sizes:     COMMON   BANK0   BANK1   BANK3   BANK2
      Params:         0       0       0       0       0
      Locals:         0       0       0       0       0
      Temps:          0       1       0       0       0
      Totals:         0       1       0       0       0
Total ram usage:        1 bytes
 Hardware stack levels used:    1
 Hardware stack levels required when called:    2
 This function calls:
		Nothing
 This function is called by:
		_main
 This function uses a non-reentrant model


 *************** function _ser_init *****************
 Defined at:
		line 5 in file "ser.c"
 Parameters:    Size  Location     Type
		None
 Auto vars:     Size  Location     Type
		None
 Return value:  Size  Location     Type
                  1    wreg      void 
 Registers used:
		wreg
 Tracked objects:
		On entry : 
		On exit  : 
		Unchanged: 
 Data sizes:     COMMON   BANK0   BANK1   BANK3   BANK2
      Params:         0       0       0       0       0
      Locals:         0       0       0       0       0
      Temps:          0       0       0       0       0
      Totals:         0       0       0       0       0
Total ram usage:        0 bytes
 Hardware stack levels used:    1
 Hardware stack levels required when called:    2
 This function calls:
		Nothing
 This function is called by:
		_main
 This function uses a non-reentrant model


 *************** function _moveCW *****************
 Defined at:
		line 5 in file "motor.c"
 Parameters:    Size  Location     Type
		None
 Auto vars:     Size  Location     Type
		None
 Return value:  Size  Location     Type
                  1    wreg      void 
 Registers used:
		wreg, fsr0l, fsr0h, status,2, status,0
 Tracked objects:
		On entry : 
		On exit  : 
		Unchanged: 
 Data sizes:     COMMON   BANK0   BANK1   BANK3   BANK2
      Params:         0       0       0       0       0
      Locals:         0       0       0       0       0
      Temps:          0       2       0       0       0
      Totals:         0       2       0       0       0
Total ram usage:        2 bytes
 Hardware stack levels used:    1
 Hardware stack levels required when called:    2
 This function calls:
		Nothing
 This function is called by:
		_main
 This function uses a non-reentrant model


 *************** function _moveCCW *****************
 Defined at:
		line 55 in file "motor.c"
 Parameters:    Size  Location     Type
		None
 Auto vars:     Size  Location     Type
		None
 Return value:  Size  Location     Type
                  1    wreg      void 
 Registers used:
		wreg, fsr0l, fsr0h, status,2, status,0
 Tracked objects:
		On entry : 
		On exit  : 
		Unchanged: 
 Data sizes:     COMMON   BANK0   BANK1   BANK3   BANK2
      Params:         0       0       0       0       0
      Locals:         0       0       0       0       0
      Temps:          0       2       0       0       0
      Totals:         0       2       0       0       0
Total ram usage:        2 bytes
 Hardware stack levels used:    1
 Hardware stack levels required when called:    2
 This function calls:
		Nothing
 This function is called by:
		_main
 This function uses a non-reentrant model


 *************** function _getDistTrav *****************
 Defined at:
		line 56 in file "ser.c"
 Parameters:    Size  Location     Type
		None
 Auto vars:     Size  Location     Type
		None
 Return value:  Size  Location     Type
                  2   46[None  ] int 
 Registers used:
		wreg, status,2, status,0, btemp+1, pclath, cstack
 Tracked objects:
		On entry : 
		On exit  : 
		Unchanged: 
 Data sizes:     COMMON   BANK0   BANK1   BANK3   BANK2
      Params:         0       0       0       0       0
      Locals:         0       0       0       0       0
      Temps:          0       2       0       0       0
      Totals:         0       2       0       0       0
Total ram usage:        2 bytes
 Hardware stack levels used:    1
 Hardware stack levels required when called:    4
 This function calls:
		_lcdSetCursor
		_lcdWriteToDigitBCD
		_ser_getch
		_ser_putch
 This function is called by:
		_main
 This function uses a non-reentrant model


 *************** function _ser_getch *****************
 Defined at:
		line 37 in file "ser.c"
 Parameters:    Size  Location     Type
		None
 Auto vars:     Size  Location     Type
  rxbyte          2    5[BANK0 ] int 
 Return value:  Size  Location     Type
                  2    0[BANK0 ] int 
 Registers used:
		wreg
 Tracked objects:
		On entry : 
		On exit  : 
		Unchanged: 
 Data sizes:     COMMON   BANK0   BANK1   BANK3   BANK2
      Params:         0       2       0       0       0
      Locals:         0       2       0       0       0
      Temps:          0       3       0       0       0
      Totals:         0       7       0       0       0
Total ram usage:        7 bytes
 Hardware stack levels used:    1
 Hardware stack levels required when called:    2
 This function calls:
		Nothing
 This function is called by:
		_getDistTrav
 This function uses a non-reentrant model


 *************** function _Drive *****************
 Defined at:
		line 48 in file "ser.c"
 Parameters:    Size  Location     Type
  speedH          2    4[BANK0 ] int 
  speedL          2    6[BANK0 ] int 
  radH            2    8[BANK0 ] int 
  radL            2   10[BANK0 ] int 
 Auto vars:     Size  Location     Type
		None
 Return value:  Size  Location     Type
                  1    wreg      void 
 Registers used:
		wreg, status,2, status,0, pclath, cstack
 Tracked objects:
		On entry : 
		On exit  : 
		Unchanged: 
 Data sizes:     COMMON   BANK0   BANK1   BANK3   BANK2
      Params:         0       8       0       0       0
      Locals:         0       0       0       0       0
      Temps:          0       0       0       0       0
      Totals:         0       8       0       0       0
Total ram usage:        8 bytes
 Hardware stack levels used:    1
 Hardware stack levels required when called:    3
 This function calls:
		_ser_putch
 This function is called by:
		_main
 This function uses a non-reentrant model


 *************** function _ser_putch *****************
 Defined at:
		line 30 in file "ser.c"
 Parameters:    Size  Location     Type
  c               1    wreg     unsigned char 
 Auto vars:     Size  Location     Type
  c               1    3[BANK0 ] unsigned char 
 Return value:  Size  Location     Type
                  1    wreg      void 
 Registers used:
		wreg
 Tracked objects:
		On entry : 
		On exit  : 
		Unchanged: 
 Data sizes:     COMMON   BANK0   BANK1   BANK3   BANK2
      Params:         0       0       0       0       0
      Locals:         0       1       0       0       0
      Temps:          0       3       0       0       0
      Totals:         0       4       0       0       0
Total ram usage:        4 bytes
 Hardware stack levels used:    1
 Hardware stack levels required when called:    2
 This function calls:
		Nothing
 This function is called by:
		_main
		_Drive
		_getDistTrav
 This function uses a non-reentrant model


 *************** function _ADCMain *****************
 Defined at:
		line 19 in file "ADC.c"
 Parameters:    Size  Location     Type
		None
 Auto vars:     Size  Location     Type
		None
 Return value:  Size  Location     Type
                  1    wreg      void 
 Registers used:
		wreg, fsr0l, fsr0h, status,2, status,0, pclath, cstack
 Tracked objects:
		On entry : 
		On exit  : 
		Unchanged: 
 Data sizes:     COMMON   BANK0   BANK1   BANK3   BANK2
      Params:         0       0       0       0       0
      Locals:         0       0       0       0       0
      Temps:          0       0       0       0       0
      Totals:         0       0       0       0       0
Total ram usage:        0 bytes
 Hardware stack levels used:    1
 Hardware stack levels required when called:    4
 This function calls:
		_adcConvertMM
		_getADC
		_lcdSetCursor
		_lcdWriteToDigitBCD
 This function is called by:
		_main
 This function uses a non-reentrant model


 *************** function _lcdWriteToDigitBCD *****************
 Defined at:
		line 42 in file "LCD.c"
 Parameters:    Size  Location     Type
  data            2    3[BANK0 ] unsigned int 
 Auto vars:     Size  Location     Type
  OnesDigit       2   13[BANK0 ] unsigned int 
  TenThouDigit    2   11[BANK0 ] unsigned int 
  ThouDigit       2    9[BANK0 ] unsigned int 
  HunsDigit       2    7[BANK0 ] unsigned int 
  TensDigit       2    5[BANK0 ] unsigned int 
 Return value:  Size  Location     Type
                  1    wreg      void 
 Registers used:
		wreg, status,2, status,0, pclath, cstack
 Tracked objects:
		On entry : 
		On exit  : 
		Unchanged: 
 Data sizes:     COMMON   BANK0   BANK1   BANK3   BANK2
      Params:         0       2       0       0       0
      Locals:         0      10       0       0       0
      Temps:          0       0       0       0       0
      Totals:         0      12       0       0       0
Total ram usage:       12 bytes
 Hardware stack levels used:    1
 Hardware stack levels required when called:    3
 This function calls:
		_lcdWriteData
 This function is called by:
		_main
		_getDistTrav
		_ADCMain
 This function uses a non-reentrant model


 *************** function _lcdWriteData *****************
 Defined at:
		line 20 in file "LCD.c"
 Parameters:    Size  Location     Type
  databyte        1    wreg     unsigned char 
 Auto vars:     Size  Location     Type
  databyte        1    2[BANK0 ] unsigned char 
 Return value:  Size  Location     Type
                  1    wreg      void 
 Registers used:
		wreg
 Tracked objects:
		On entry : 
		On exit  : 
		Unchanged: 
 Data sizes:     COMMON   BANK0   BANK1   BANK3   BANK2
      Params:         0       0       0       0       0
      Locals:         0       1       0       0       0
      Temps:          0       2       0       0       0
      Totals:         0       3       0       0       0
Total ram usage:        3 bytes
 Hardware stack levels used:    1
 Hardware stack levels required when called:    2
 This function calls:
		Nothing
 This function is called by:
		_lcdWriteToDigitBCD
		_lcdWriteString
 This function uses a non-reentrant model


 *************** function _lcdSetCursor *****************
 Defined at:
		line 31 in file "LCD.c"
 Parameters:    Size  Location     Type
  address         1    wreg     unsigned char 
 Auto vars:     Size  Location     Type
  address         1    3[BANK0 ] unsigned char 
 Return value:  Size  Location     Type
                  1    wreg      void 
 Registers used:
		wreg, status,2, status,0, pclath, cstack
 Tracked objects:
		On entry : 
		On exit  : 
		Unchanged: 
 Data sizes:     COMMON   BANK0   BANK1   BANK3   BANK2
      Params:         0       0       0       0       0
      Locals:         0       1       0       0       0
      Temps:          0       0       0       0       0
      Totals:         0       1       0       0       0
Total ram usage:        1 bytes
 Hardware stack levels used:    1
 Hardware stack levels required when called:    3
 This function calls:
		_lcdWriteControl
 This function is called by:
		_getDistTrav
		_ADCMain
 This function uses a non-reentrant model


 *************** function _lcdWriteControl *****************
 Defined at:
		line 9 in file "LCD.c"
 Parameters:    Size  Location     Type
  databyte        1    wreg     unsigned char 
 Auto vars:     Size  Location     Type
  databyte        1    2[BANK0 ] unsigned char 
 Return value:  Size  Location     Type
                  1    wreg      void 
 Registers used:
		wreg
 Tracked objects:
		On entry : 
		On exit  : 
		Unchanged: 
 Data sizes:     COMMON   BANK0   BANK1   BANK3   BANK2
      Params:         0       0       0       0       0
      Locals:         0       1       0       0       0
      Temps:          0       2       0       0       0
      Totals:         0       3       0       0       0
Total ram usage:        3 bytes
 Hardware stack levels used:    1
 Hardware stack levels required when called:    2
 This function calls:
		Nothing
 This function is called by:
		_lcdSetCursor
		_setupLCD
 This function uses a non-reentrant model


 *************** function _getADC *****************
 Defined at:
		line 29 in file "ADC.c"
 Parameters:    Size  Location     Type
		None
 Auto vars:     Size  Location     Type
		None
 Return value:  Size  Location     Type
                  2  387[None  ] unsigned int 
 Registers used:
		wreg, fsr0l, fsr0h, status,2, status,0
 Tracked objects:
		On entry : 
		On exit  : 
		Unchanged: 
 Data sizes:     COMMON   BANK0   BANK1   BANK3   BANK2
      Params:         0       0       0       0       0
      Locals:         0       0       0       0       0
      Temps:          0       2       0       0       0
      Totals:         0       2       0       0       0
Total ram usage:        2 bytes
 Hardware stack levels used:    1
 Hardware stack levels required when called:    2
 This function calls:
		Nothing
 This function is called by:
		_ADCMain
 This function uses a non-reentrant model


 *************** function _adcConvertMM *****************
 Defined at:
		line 59 in file "ADC.c"
 Parameters:    Size  Location     Type
  adcRAW          2   21[BANK0 ] unsigned int 
 Auto vars:     Size  Location     Type
		None
 Return value:  Size  Location     Type
                  2   21[BANK0 ] unsigned int 
 Registers used:
		wreg, status,2, status,0, pclath, cstack
 Tracked objects:
		On entry : 
		On exit  : 
		Unchanged: 
 Data sizes:     COMMON   BANK0   BANK1   BANK3   BANK2
      Params:         0       2       0       0       0
      Locals:         0       0       0       0       0
      Temps:          0       8       0       0       0
      Totals:         0      10       0       0       0
Total ram usage:       10 bytes
 Hardware stack levels used:    1
 Hardware stack levels required when called:    3
 This function calls:
		___aldiv
		___lwdiv
		___wmul
 This function is called by:
		_ADCMain
 This function uses a non-reentrant model


 *************** function ___wmul *****************
 Defined at:
		line 15 in file "C:\Program Files (x86)\Microchip\xc8\v1.38\sources\common\Umul16.c"
 Parameters:    Size  Location     Type
  multiplier      2    0[BANK0 ] unsigned int 
  multiplicand    2    2[BANK0 ] unsigned int 
 Auto vars:     Size  Location     Type
  product         2    4[BANK0 ] unsigned int 
 Return value:  Size  Location     Type
                  2    0[BANK0 ] unsigned int 
 Registers used:
		wreg, status,2, status,0
 Tracked objects:
		On entry : 
		On exit  : 
		Unchanged: 
 Data sizes:     COMMON   BANK0   BANK1   BANK3   BANK2
      Params:         0       4       0       0       0
      Locals:         0       2       0       0       0
      Temps:          0       0       0       0       0
      Totals:         0       6       0       0       0
Total ram usage:        6 bytes
 Hardware stack levels used:    1
 Hardware stack levels required when called:    2
 This function calls:
		Nothing
 This function is called by:
		_adcConvertMM
 This function uses a non-reentrant model


 *************** function ___lwdiv *****************
 Defined at:
		line 6 in file "C:\Program Files (x86)\Microchip\xc8\v1.38\sources\common\lwdiv.c"
 Parameters:    Size  Location     Type
  divisor         2    6[BANK0 ] unsigned int 
  dividend        2    8[BANK0 ] unsigned int 
 Auto vars:     Size  Location     Type
  quotient        2   11[BANK0 ] unsigned int 
  counter         1   13[BANK0 ] unsigned char 
 Return value:  Size  Location     Type
                  2    6[BANK0 ] unsigned int 
 Registers used:
		wreg, status,2, status,0
 Tracked objects:
		On entry : 
		On exit  : 
		Unchanged: 
 Data sizes:     COMMON   BANK0   BANK1   BANK3   BANK2
      Params:         0       4       0       0       0
      Locals:         0       3       0       0       0
      Temps:          0       1       0       0       0
      Totals:         0       8       0       0       0
Total ram usage:        8 bytes
 Hardware stack levels used:    1
 Hardware stack levels required when called:    2
 This function calls:
		Nothing
 This function is called by:
		_adcConvertMM
 This function uses a non-reentrant model


 *************** function ___aldiv *****************
 Defined at:
		line 6 in file "C:\Program Files (x86)\Microchip\xc8\v1.38\sources\common\aldiv.c"
 Parameters:    Size  Location     Type
  divisor         4    6[BANK0 ] long 
  dividend        4   10[BANK0 ] long 
 Auto vars:     Size  Location     Type
  quotient        4   17[BANK0 ] long 
  sign            1   16[BANK0 ] unsigned char 
  counter         1   15[BANK0 ] unsigned char 
 Return value:  Size  Location     Type
                  4    6[BANK0 ] long 
 Registers used:
		wreg, status,2, status,0
 Tracked objects:
		On entry : 
		On exit  : 
		Unchanged: 
 Data sizes:     COMMON   BANK0   BANK1   BANK3   BANK2
      Params:         0       8       0       0       0
      Locals:         0       6       0       0       0
      Temps:          0       1       0       0       0
      Totals:         0      15       0       0       0
Total ram usage:       15 bytes
 Hardware stack levels used:    1
 Hardware stack levels required when called:    2
 This function calls:
		Nothing
 This function is called by:
		_adcConvertMM
 This function uses a non-reentrant model


 *************** function _isr *****************
 Defined at:
		line 31 in file "main.c"
 Parameters:    Size  Location     Type
		None
 Auto vars:     Size  Location     Type
		None
 Return value:  Size  Location     Type
                  1    wreg      void 
 Registers used:
		wreg, status,2, status,0, pclath, cstack
 Tracked objects:
		On entry : 
		On exit  : 
		Unchanged: 
 Data sizes:     COMMON   BANK0   BANK1   BANK3   BANK2
      Params:         0       0       0       0       0
      Locals:         0       0       0       0       0
      Temps:          5       0       0       0       0
      Totals:         5       0       0       0       0
Total ram usage:        5 bytes
 Hardware stack levels used:    1
 Hardware stack levels required when called:    1
 This function calls:
		___lwmod
 This function is called by:
		Interrupt level 1
 This function uses a non-reentrant model


 *************** function ___lwmod *****************
 Defined at:
		line 6 in file "C:\Program Files (x86)\Microchip\xc8\v1.38\sources\common\lwmod.c"
 Parameters:    Size  Location     Type
  divisor         2    0[COMMON] unsigned int 
  dividend        2    2[COMMON] unsigned int 
 Auto vars:     Size  Location     Type
  counter         1    5[COMMON] unsigned char 
 Return value:  Size  Location     Type
                  2    0[COMMON] unsigned int 
 Registers used:
		wreg, status,2, status,0
 Tracked objects:
		On entry : 
		On exit  : 
		Unchanged: 
 Data sizes:     COMMON   BANK0   BANK1   BANK3   BANK2
      Params:         4       0       0       0       0
      Locals:         1       0       0       0       0
      Temps:          1       0       0       0       0
      Totals:         6       0       0       0       0
Total ram usage:        6 bytes
 Hardware stack levels used:    1
 This function calls:
		Nothing
 This function is called by:
		_isr
 This function uses a non-reentrant model



MODULE INFORMATION

Module		Function		Class		Link	Load	Size
C:\Program Files (x86)\Microchip\xc8\v1.38\sources\common\lwmod.c
		___lwmod       		CODE           	0F90	0000	51

C:\Program Files (x86)\Microchip\xc8\v1.38\sources\common\lwmod.c estimated size: 51

C:\Program Files (x86)\Microchip\xc8\v1.38\sources\common\Umul16.c
		___wmul        		CODE           	0F48	0000	36

C:\Program Files (x86)\Microchip\xc8\v1.38\sources\common\Umul16.c estimated size: 36

ser.c
		_Drive         		CODE           	0F6B	0000	38
		_getDistTrav   		CODE           	0657	0000	94
		_ser_init      		CODE           	0E7D	0000	16
		_ser_getch     		CODE           	0F09	0000	32
		_ser_putch     		CODE           	0EF0	0000	26

ser.c estimated size: 206

C:\Program Files (x86)\Microchip\xc8\v1.38\sources\common\lwdiv.c
		___lwdiv       		CODE           	0FC2	0000	63

C:\Program Files (x86)\Microchip\xc8\v1.38\sources\common\lwdiv.c estimated size: 63

motor.c
		_moveCCW       		CODE           	06FF	0000	73
		_moveCW        		CODE           	06B4	0000	76

motor.c estimated size: 149

C:\Program Files (x86)\Microchip\xc8\v1.38\sources\common\aldiv.c
		___aldiv       		CODE           	05C8	0000	144

C:\Program Files (x86)\Microchip\xc8\v1.38\sources\common\aldiv.c estimated size: 144

shared
		__initialization		CODE           	0015	0000	23

shared estimated size: 23

ADC.c
		_ADCMain       		CODE           	0F28	0000	33
		_adcConvertMM  		CODE           	002F	0000	831
		_getADC        		CODE           	078D	0000	70
		_setupADC      		CODE           	0EC2	0000	23

ADC.c estimated size: 957

SPI.c
		_spi_transfer  		CODE           	0E8C	0000	16
		_setupSPI      		CODE           	0ED8	0000	25

SPI.c estimated size: 41

main.c
		_main          		CODE           	036D	0000	453
		_isr           		CODE           	0747	0000	71

main.c estimated size: 524

LCD.c
		_setupLCD      		CODE           	07D2	0000	42
		_lcdSetCursor  		CODE           	0E74	0000	10
		_lcdWriteControl		CODE           	0EAE	0000	21
		_lcdWriteData  		CODE           	0E9B	0000	20
		_lcdWriteToDigitBCD		CODE           	0531	0000	152

LCD.c estimated size: 245

