Microchip MPLAB XC8 Compiler V1.38 ()

Linker command line:

--edf=C:\Program Files (x86)\Microchip\xc8\v1.38\dat\en_msgs.txt -cs \
  -h+dist/default/production\iRobot.X.production.sym \
  --cmf=dist/default/production\iRobot.X.production.cmf -z -w9 --norlf \
  -Q16F877A -oC:\Users\Brendan\AppData\Local\Temp\scmc.2 \
  -Mdist/default/production/iRobot.X.production.map -E1 -ver=XC8 \
  -ACODE=00h-07FFhx4 -ASTRCODE=00h-01FFFh -ASTRING=00h-0FFhx32 \
  -ACONST=00h-0FFhx32 -AENTRY=00h-0FFhx32 -ACOMMON=070h-07Fh \
  -ABANK0=020h-06Fh -ABANK1=0A0h-0EFh -ABANK2=0110h-016Fh \
  -ABANK3=0190h-01EFh -ARAM=020h-06Fh,0A0h-0EFh,0110h-016Fh,0190h-01EFh \
  -AABS1=020h-07Fh,0A0h-0EFh,0110h-016Fh,0190h-01EFh -ASFR0=00h-01Fh \
  -ASFR1=080h-09Fh -ASFR2=0100h-010Fh -ASFR3=0180h-018Fh \
  -preset_vec=00h,intentry,init,end_init -ppowerup=CODE -pcinit=CODE \
  -pfunctab=CODE -ACONFIG=02007h-02007h -pconfig=CONFIG -DCONFIG=2 \
  -AIDLOC=02000h-02003h -pidloc=IDLOC -DIDLOC=2 -AEEDATA=00h-0FFh/02100h \
  -peeprom_data=EEDATA -DEEDATA=2 -DCODE=2 -DSTRCODE=2 -DSTRING=2 -DCONST=2 \
  -DENTRY=2 -k C:\Users\Brendan\AppData\Local\Temp\scmc.obj \
  dist/default/production\iRobot.X.production.obj 

Object code version is 3.11

Machine type is 16F877A



                Name                               Link     Load   Length Selector   Space Scale
C:\Users\Brendan\AppData\Local\Temp\scmc.obj
                end_init                              E        E        4        0       0
dist/default/production\iRobot.X.production.obj
                cinit                               7E6      7E6       1A      FCC       0
                intentry                              0        0        E        0       0
                text15                              47D      47D       32      8FA       0
                text14                              4AF      4AF       46      95E       0
                text13                              3C6      3C6        C      78C       0
                text12                              42F      42F       25      85E       0
                text11                              4F5      4F5       5B      9EA       0
                text10                              403      403       14      806       0
                text9                               3B4      3B4        9      768       0
                text8                               3F0      3F0       13      7E0       0
                text7                               5AE      5AE       97      B5C       0
                text6                               3BD      3BD        9      77A       0
                text5                               550      550       5E      AA0       0
                text4                               3D2      3D2        F      7A4       0
                text3                               454      454       29      8A8       0
                text2                               417      417       18      82E       0
                text1                               3E1      3E1        F      7C2       0
                maintext                            645      645      1A1      C8A       0
                cstackBANK0                          46       46       15       20       1
                cstackCOMMON                         70       70        B       70       1
                clrtext                             3AC      3AC        8      758       0
                dataBANK0                            5B       5B        2       20       1
                bssBANK0                             20       20       26       20       1
                bssCOMMON                            7B       7B        2       70       1
                bitbssCOMMON                        3E8       7D        1       70       1     8
                idataBANK0                          3AA      3AA        2      754       0

TOTAL           Name                               Link     Load   Length     Space
        CLASS   CODE           
                end_init                              E        E        4         0
                cinit                               7E6      7E6       1A         0
                intentry                              0        0        E         0
                text15                              47D      47D       32         0
                text14                              4AF      4AF       46         0
                text13                              3C6      3C6        C         0
                text12                              42F      42F       25         0
                text11                              4F5      4F5       5B         0
                text10                              403      403       14         0
                text9                               3B4      3B4        9         0
                text8                               3F0      3F0       13         0
                text7                               5AE      5AE       97         0
                text6                               3BD      3BD        9         0
                text5                               550      550       5E         0
                text4                               3D2      3D2        F         0
                text3                               454      454       29         0
                text2                               417      417       18         0
                text1                               3E1      3E1        F         0
                maintext                            645      645      1A1         0
                clrtext                             3AC      3AC        8         0
                idataBANK0                          3AA      3AA        2         0

        CLASS   STRCODE        

        CLASS   STRING         

        CLASS   CONST          

        CLASS   ENTRY          

        CLASS   COMMON         
                cstackCOMMON                         70       70        B         1
                bssCOMMON                            7B       7B        2         1
                bitbssCOMMON                        3E8       7D        1         1

        CLASS   BANK0          
                cstackBANK0                          46       46       15         1
                dataBANK0                            5B       5B        2         1
                bssBANK0                             20       20       26         1

        CLASS   BANK1          

        CLASS   BANK2          

        CLASS   BANK3          

        CLASS   RAM            

        CLASS   ABS1           
                abs_s1                               7E       7E        2         1

        CLASS   SFR0           

        CLASS   SFR1           

        CLASS   SFR2           

        CLASS   SFR3           

        CLASS   CONFIG         

        CLASS   IDLOC          

        CLASS   EEDATA         

        CLASS   STACK          



SEGMENTS        Name                           Load    Length   Top    Selector   Space  Class     Delta

                reset_vec                      000000  000012  000012         0       0  CODE        2
                bssBANK0                       000020  00003D  00005D        20       1  BANK0       1
                cstackCOMMON                   000070  00000E  00007E        70       1  COMMON      1
                idataBANK0                     0003AA  000002  0003AC       754       0  CODE        2
                clrtext                        0003AC  000008  0003B4       758       0  CODE        2
                text9                          0003B4  000009  0003BD       768       0  CODE        2
                text6                          0003BD  000009  0003C6       77A       0  CODE        2
                text13                         0003C6  00000C  0003D2       78C       0  CODE        2
                text4                          0003D2  00000F  0003E1       7A4       0  CODE        2
                text1                          0003E1  00000F  0003F0       7C2       0  CODE        2
                text8                          0003F0  000013  000403       7E0       0  CODE        2
                text10                         000403  000014  000417       806       0  CODE        2
                text2                          000417  000018  00042F       82E       0  CODE        2
                text12                         00042F  000025  000454       85E       0  CODE        2
                text3                          000454  000029  00047D       8A8       0  CODE        2
                text15                         00047D  000032  0004AF       8FA       0  CODE        2
                text14                         0004AF  000046  0004F5       95E       0  CODE        2
                text11                         0004F5  00005B  000550       9EA       0  CODE        2
                text5                          000550  00005E  0005AE       AA0       0  CODE        2
                text7                          0005AE  000097  000645       B5C       0  CODE        2
                maintext                       000645  0001A1  0007E6       C8A       0  CODE        2
                cinit                          0007E6  00001A  000800       FCC       0  CODE        2


UNUSED ADDRESS RANGES

        Name                Unused          Largest block    Delta
        BANK0            005D-006F             13           1
        BANK1            00A0-00EF             50           1
        BANK2            0110-016F             60           1
        BANK3            0190-01EF             60           1
        CODE             0012-03A9            398           2
                         0800-1FFF            800
        CONFIG           2007-2007              1           2
        CONST            0012-03A9            100           2
                         0800-1FFF            100
        EEDATA           2100-21FF            100           2
        ENTRY            0012-03A9            100           2
                         0800-1FFF            100
        IDLOC            2000-2003              4           2
        RAM              005D-006F             13           1
                         00A0-00EF             50
                         0110-016F             60
                         0190-01EF             60
        SFR0             0000-001F             20           1
        SFR1             0080-009F             20           1
        SFR2             0100-010F             10           1
        SFR3             0180-018F             10           1
        STRCODE          0012-03A9            398           2
                         0800-1FFF           1800
        STRING           0012-03A9            100           2
                         0800-1FFF            100

                                  Symbol Table

_ADCMain                                         
__CFG_BOREN$OFF                 (abs)        0000
__CFG_CP$OFF                    (abs)        0000
__CFG_CPD$OFF                   (abs)        0000
__CFG_FOSC$HS                   (abs)        0000
__CFG_LVP$OFF                   (abs)        0000
__CFG_PWRTE$OFF                 (abs)        0000
__CFG_WDTE$OFF                  (abs)        0000
__CFG_WRT$OFF                   (abs)        0000
__Habs1                         abs1         0000
__Hbank0                        bank0        0000
__Hbank1                        bank1        0000
__Hbank2                        bank2        0000
__Hbank3                        bank3        0000
__HbitbssCOMMON                 bitbssCOMMON 0000
__HbssBANK0                     bssBANK0     0000
__HbssCOMMON                    bssCOMMON    0000
__Hclrtext                      clrtext      0000
__Hcode                         code         0000
__Hcommon                       common       0000
__Hconfig                       config       0000
__HcstackBANK0                  cstackBANK0  0000
__HcstackCOMMON                 cstackCOMMON 0000
__HdataBANK0                    dataBANK0    0000
__Heeprom_data                  eeprom_data  0000
__Hfunctab                      functab      0000
__HidataBANK0                   idataBANK0   0000
__Hidloc                        idloc        0000
__Hmaintext                     maintext     0000
__Hpowerup                      powerup      0000
__Hram                          ram          0000
__Hreset_vec                    reset_vec    0000
__Hsfr0                         sfr0         0000
__Hsfr1                         sfr1         0000
__Hsfr2                         sfr2         0000
__Hsfr3                         sfr3         0000
__Hspace_2                      (abs)        0000
__Hspace_3                      (abs)        0000
__Hstack                        stack        0000
__Hstrings                      strings      0000
__Htext                         text         0000
__Labs1                         abs1         0000
__Lbank0                        bank0        0000
__Lbank1                        bank1        0000
__Lbank2                        bank2        0000
__Lbank3                        bank3        0000
__LbitbssCOMMON                 bitbssCOMMON 0000
__LbssBANK0                     bssBANK0     0000
__LbssCOMMON                    bssCOMMON    0000
__Lclrtext                      clrtext      0000
__Lcode                         code         0000
__Lcommon                       common       0000
__Lconfig                       config       0000
__LcstackBANK0                  cstackBANK0  0000
__LcstackCOMMON                 cstackCOMMON 0000
__LdataBANK0                    dataBANK0    0000
__Leeprom_data                  eeprom_data  0000
__Lfunctab                      functab      0000
__LidataBANK0                   idataBANK0   0000
__Lidloc                        idloc        0000
__Lintentry                     intentry     0000
__Lmaintext                     maintext     0000
__Lpowerup                      powerup      0000
__Lram                          ram          0000
__Lreset_vec                    reset_vec    0000
__Lsfr0                         sfr0         0000
__Lsfr1                         sfr1         0000
__Lsfr2                         sfr2         0000
__Lsfr3                         sfr3         0000
__Lspace_0                      (abs)        0000
__Lspace_1                      (abs)        0000
__Lspace_2                      (abs)        0000
__Lspace_3                      (abs)        0000
__Lstack                        stack        0000
__Lstrings                      strings      0000
__Ltext                         text         0000
__S3                            (abs)        0000
___int_sp                       stack        0000
___sp                           stack        0000
__pintentry                     intentry     0000
__size_of_Drive                 (abs)        0000
__size_of___awdiv               (abs)        0000
__size_of___lwmod               (abs)        0000
__size_of_getDistTrav           (abs)        0000
__size_of_isr                   (abs)        0000
__size_of_lcdSetCursor          (abs)        0000
__size_of_lcdWriteControl       (abs)        0000
__size_of_lcdWriteData          (abs)        0000
__size_of_lcdWriteToDigitBCD    (abs)        0000
__size_of_main                  (abs)        0000
__size_of_ser_getch             (abs)        0000
__size_of_ser_init              (abs)        0000
__size_of_ser_putch             (abs)        0000
__size_of_setupLCD              (abs)        0000
__size_of_setupSPI              (abs)        0000
__size_of_spi_transfer          (abs)        0000
_moveCCW                                         
_moveCW                                          
_setupADC                                        
interrupt_function              intentry     0000
intlevel0                       functab      0000
intlevel1                       functab      0000
intlevel2                       functab      0000
intlevel3                       functab      0000
intlevel4                       functab      0000
intlevel5                       functab      0000
reset_vec                       reset_vec    0000
stackhi                         (abs)        0000
stacklo                         (abs)        0000
_TMR0                           (abs)        0001
___latbits                      (abs)        0002
_PORTC                          (abs)        0007
_PORTD                          (abs)        0008
_PORTE                          (abs)        0009
_SSPBUF                         (abs)        0013
_SSPCON                         (abs)        0014
_RCSTA                          (abs)        0018
_TXREG                          (abs)        0019
_RCREG                          (abs)        001A
__Hinit                         init         000E
__Hintentry                     intentry     000E
__Lend_init                     end_init     000E
__Linit                         init         000E
start                           init         000E
_Distance                       bssBANK0     0020
__pbssBANK0                     bssBANK0     0020
_adcRAW                         bssBANK0     0022
__Hend_init                     end_init     0012
_degrees                        bssBANK0     0024
_distTrav                       bssBANK0     0026
_loop                           bssBANK0     0028
_loop2                          bssBANK0     002A
_lowByte                        bssBANK0     002C
_RB0                            (abs)        0030
_RB1                            (abs)        0031
_RB2                            (abs)        0032
_stepClosest                    bssBANK0     0036
_stepCountNeg                   bssBANK0     0038
_RC2                            (abs)        003A
_time_count                     bssBANK0     003A
_totalDistTrav                  bssBANK0     003C
_PB6Counter                     bssBANK0     003E
_PB7Counter                     bssBANK0     003F
_PB8Counter                     bssBANK0     0040
_rxbyte                         bssBANK0     0042
_stepCount                      bssBANK0     0043
_highByte                       bssBANK0     0044
?___awdiv                       cstackBANK0  0046
___awdiv@divisor                cstackBANK0  0046
__pcstackBANK0                  cstackBANK0  0046
ser_putch@c                     cstackBANK0  0046
Drive@speedH                    cstackBANK0  0047
ser_getch@rxbyte                cstackBANK0  0047
spi_transfer@temp               cstackBANK0  0047
_RE0                            (abs)        0048
___awdiv@dividend               cstackBANK0  0048
lcdWriteControl@databyte        cstackBANK0  0048
lcdWriteData@databyte           cstackBANK0  0048
spi_transfer@data               cstackBANK0  0048
Drive@speedL                    cstackBANK0  0049
_RE1                            (abs)        0049
lcdSetCursor@address            cstackBANK0  0049
lcdWriteToDigitBCD@data         cstackBANK0  0049
_RE2                            (abs)        004A
Drive@radH                      cstackBANK0  004B
___awdiv@counter                cstackBANK0  004B
lcdWriteToDigitBCD@TensDigit    cstackBANK0  004B
___awdiv@sign                   cstackBANK0  004C
Drive@radL                      cstackBANK0  004D
___awdiv@quotient               cstackBANK0  004D
lcdWriteToDigitBCD@HunsDigit    cstackBANK0  004D
lcdWriteToDigitBCD@ThouDigit    cstackBANK0  004F
lcdWriteToDigitBCD@TenThouDigit cstackBANK0  0051
lcdWriteToDigitBCD@OnesDigit    cstackBANK0  0053
_TMR0IF                         (abs)        005A
main@controlByte                cstackBANK0  005A
__pdataBANK0                    dataBANK0    005B
_adcClosest                     dataBANK0    005B
_TMR0IE                         (abs)        005D
_PEIE                           (abs)        005E
_GIE                            (abs)        005F
_SSPIF                          (abs)        0063
_RCIF                           (abs)        0065
?___lwmod                       cstackCOMMON 0070
___lwmod@divisor                cstackCOMMON 0070
__pcstackCOMMON                 cstackCOMMON 0070
___lwmod@dividend               cstackCOMMON 0072
___lwmod@counter                cstackCOMMON 0075
__pbssCOMMON                    bssCOMMON    007B
__S1                            (abs)        007E
btemp                           (abs)        007E
ltemp                           (abs)        007E
ltemp0                          (abs)        007E
saved_w                         (abs)        007E
ltemp3                          (abs)        0080
_OPTION_REG                     (abs)        0081
ltemp1                          (abs)        0082
_TRISB                          (abs)        0086
ltemp2                          (abs)        0086
_TRISC                          (abs)        0087
_TRISD                          (abs)        0088
_TRISE                          (abs)        0089
_SSPSTAT                        (abs)        0094
_TXSTA                          (abs)        0098
_SPBRG                          (abs)        0099
_ADCON1                         (abs)        009F
_FLAG_1000MS                    bitbssCOMMON 03E8
__pbitbssCOMMON                 bitbssCOMMON 03E8
__Hspace_1                      (abs)        03E9
_TRMT                           (abs)        04C1
__pidataBANK0                   idataBANK0   03AA
clear_ram0                      clrtext      03AC
__ptext9                        text9        03B4
_lcdSetCursor                   text9        03B4
__end_of_lcdSetCursor           text9        03BD
__ptext6                        text6        03BD
_ser_getch                      text6        03BD
__end_of_ser_getch              text6        03C6
__ptext13                       text13       03C6
_ser_putch                      text13       03C6
__end_of_ser_putch              text13       03D2
__ptext4                        text4        03D2
_ser_init                       text4        03D2
__end_of_ser_init               text4        03E1
__ptext1                        text1        03E1
_spi_transfer                   text1        03E1
__end_of_spi_transfer           text1        03F0
__ptext8                        text8        03F0
_lcdWriteData                   text8        03F0
__Hspace_0                      (abs)        0800
__S0                            (abs)        0800
__end_of_lcdWriteData           text8        0403
__ptext10                       text10       0403
_lcdWriteControl                text10       0403
__end_of_lcdWriteControl        text10       0417
__ptext2                        text2        0417
_setupSPI                       text2        0417
_Drive                          text12       042F
__end_of_setupSPI               text2        042F
__ptext12                       text12       042F
__end_of_Drive                  text12       0454
__ptext3                        text3        0454
_setupLCD                       text3        0454
___lwmod                        text15       047D
__end_of_setupLCD               text3        047D
__ptext15                       text15       047D
__end_of___lwmod                text15       04AF
__ptext14                       text14       04AF
_isr                            text14       04AF
___awdiv                        text11       04F5
__end_of_isr                    text14       04F5
__ptext11                       text11       04F5
__end_of___awdiv                text11       0550
__ptext5                        text5        0550
_getDistTrav                    text5        0550
__end_of_getDistTrav            text5        05AE
__ptext7                        text7        05AE
_lcdWriteToDigitBCD             text7        05AE
__end_of_lcdWriteToDigitBCD     text7        0645
__pmaintext                     maintext     0645
_main                           maintext     0645
__Lcinit                        cinit        07E6
__end_of_main                   maintext     07E6
__initialization                cinit        07E6
__end_of__initialization        cinit        07FC
__Hcinit                        cinit        0800
end_of_initialization           cinit        07FC
start_initialization            cinit        07E6
ttemp                           (abs)        007E
ttemp0                          (abs)        007E
wtemp                           (abs)        007E
wtemp0                          (abs)        007E
ttemp4                          (abs)        007F
wtemp6                          (abs)        007F
wtemp1                          (abs)        0080
ttemp1                          (abs)        0081
wtemp2                          (abs)        0082
ttemp2                          (abs)        0084
wtemp3                          (abs)        0084
wtemp4                          (abs)        0086
ttemp3                          (abs)        0087
wtemp5                          (abs)        0088
