Microchip MPLAB XC8 Compiler V1.38 ()

Linker command line:

--edf=F:\Program Files\Microchip\xc8\v1.38\dat\en_msgs.txt -cs \
  -h+dist/default/production\iRobot.X.production.sym \
  --cmf=dist/default/production\iRobot.X.production.cmf -z -Q16F877A \
  -oC:\Users\Liam\AppData\Local\Temp\ssh8.2 \
  -Mdist/default/production/iRobot.X.production.map -E1 -ver=XC8 \
  -ASTACK=0110h-016fh -pstack=STACK -ACODE=00h-07FFhx4 -ASTRCODE=00h-01FFFh \
  -ASTRING=00h-0FFhx32 -ACONST=00h-0FFhx32 -AENTRY=00h-0FFhx32 \
  -ACOMMON=070h-07Fh -ABANK0=020h-06Fh -ABANK1=0A0h-0EFh \
  -ABANK2=0110h-016Fh -ABANK3=0190h-01EFh \
  -ARAM=020h-06Fh,0A0h-0EFh,0110h-016Fh,0190h-01EFh \
  -AABS1=020h-07Fh,0A0h-0EFh,0110h-016Fh,0190h-01EFh -ASFR0=00h-01Fh \
  -ASFR1=080h-09Fh -ASFR2=0100h-010Fh -ASFR3=0180h-018Fh \
  -preset_vec=00h,intentry=04h,init,end_init -ppowerup=CODE -pcinit=CODE \
  -pfunctab=CODE -ACONFIG=02007h-02007h -pconfig=CONFIG -DCONFIG=2 \
  -AIDLOC=02000h-02003h -pidloc=IDLOC -DIDLOC=2 -AEEDATA=00h-0FFh/02100h \
  -peeprom_data=EEDATA -DEEDATA=2 -DCODE=2 -DSTRCODE=2 -DSTRING=2 -DCONST=2 \
  -DENTRY=2 -k C:\Users\Liam\AppData\Local\Temp\ssh8.obj \
  dist/default/production\iRobot.X.production.obj 

Object code version is 3.11

Machine type is 16F877A



                Name                               Link     Load   Length Selector   Space Scale
C:\Users\Liam\AppData\Local\Temp\ssh8.obj
                end_init                             12       12        3        8       0
                reset_vec                             0        0        3        0       0
                config                             2007     2007        1     400E       0
dist/default/production\iRobot.X.production.obj
                cinit                                15       15       15        8       0
                intentry                              4        4        E        8       0
                text11                              17A      17A       32        8       0
                text10                              147      147       33        8       0
                text9                               201      201       13        8       0
                text8                                2A       2A       97        8       0
                text7                               23E      23E        9        8       0
                text6                               223      223        F        8       0
                text5                               232      232        C        8       0
                text4                               1ED      1ED       14        8       0
                text3                               1AC      1AC       29        8       0
                text2                               1D5      1D5       18        8       0
                text1                               214      214        F        8       0
                maintext                             C1       C1       86        8       0
                cstackBANK0                          20       20       18       20       1
                cstackCOMMON                         70       70        A       70       1
                bssBANK0                             38       38        B       20       1
                bssCOMMON                            7A       7A        3       70       1
                bitbssCOMMON                        3E8       7D        1       70       1     8

TOTAL           Name                               Link     Load   Length     Space
        CLASS   STACK          

        CLASS   CODE           
                end_init                             12       12        3         0
                cinit                                15       15       15         0
                intentry                              4        4        E         0
                reset_vec                             0        0        3         0
                text11                              17A      17A       32         0
                text10                              147      147       33         0
                text9                               201      201       13         0
                text8                                2A       2A       97         0
                text7                               23E      23E        9         0
                text6                               223      223        F         0
                text5                               232      232        C         0
                text4                               1ED      1ED       14         0
                text3                               1AC      1AC       29         0
                text2                               1D5      1D5       18         0
                text1                               214      214        F         0
                maintext                             C1       C1       86         0

        CLASS   STRCODE        

        CLASS   STRING         

        CLASS   CONST          

        CLASS   ENTRY          

        CLASS   COMMON         
                cstackCOMMON                         70       70        A         1
                bssCOMMON                            7A       7A        3         1
                bitbssCOMMON                        3E8       7D        1         1

        CLASS   BANK0          
                cstackBANK0                          20       20       18         1
                bssBANK0                             38       38        B         1

        CLASS   BANK1          

        CLASS   BANK2          

        CLASS   BANK3          

        CLASS   RAM            

        CLASS   ABS1           
                abs_s1                               7E       7E        2         1

        CLASS   SFR0           

        CLASS   SFR1           

        CLASS   SFR2           

        CLASS   SFR3           

        CLASS   CONFIG         
                config                             2007     2007        1         0

        CLASS   IDLOC          

        CLASS   EEDATA         



SEGMENTS        Name                           Load    Length   Top    Selector   Space  Class     Delta

                reset_vec                      000000  000003  000003         0       0  CODE        2
                intentry                       000004  000243  000247         8       0  CODE        2
                cstackBANK0                    000020  000023  000043        20       1  BANK0       1
                cstackCOMMON                   000070  00000E  00007E        70       1  COMMON      1
                config                         002007  000001  002008      400E       0  CONFIG      2


UNUSED ADDRESS RANGES

        Name                Unused          Largest block    Delta
        BANK0            0043-006F             2D           1
        BANK1            00A0-00EF             50           1
        BANK2            0110-016F             60           1
        BANK3            0190-01EF             60           1
        CODE             0003-0003              1           2
                         0247-1FFF            800
        CONST            0003-0003              1           2
                         0247-1FFF            100
        EEDATA           2100-21FF            100           2
        ENTRY            0003-0003              1           2
                         0247-1FFF            100
        IDLOC            2000-2003              4           2
        RAM              0043-006F             2D           1
                         00A0-00EF             50
                         0110-016F             60
                         0190-01EF             60
        SFR0             0000-001F             20           1
        SFR1             0080-009F             20           1
        SFR2             0100-010F             10           1
        SFR3             0180-018F             10           1
        STACK            0110-016F             60           1
        STRCODE          0003-0003              1           2
                         0247-1FFF           1DB9
        STRING           0003-0003              1           2
                         0247-1FFF            100

                                  Symbol Table

?___lwmod                       cstackCOMMON 0070
_ADCON0                         (abs)        001F
_ADCON1                         (abs)        009F
_ADRESH                         (abs)        001E
_ADRESL                         (abs)        009E
_Distance                       bssBANK0     0038
_FLAG_1000MS                    bitbssCOMMON 03E8
_GIE                            (abs)        005F
_GO                             (abs)        00FA
_OPTION_REG                     (abs)        0081
_PEIE                           (abs)        005E
_PORTA                          (abs)        0005
_PORTC                          (abs)        0007
_PORTD                          (abs)        0008
_PORTE                          (abs)        0009
_RB0                            (abs)        0030
_RC2                            (abs)        003A
_RCIF                           (abs)        0065
_RCREG                          (abs)        001A
_RCSTA                          (abs)        0018
_RE0                            (abs)        0048
_RE1                            (abs)        0049
_RE2                            (abs)        004A
_SPBRG                          (abs)        0099
_SSPBUF                         (abs)        0013
_SSPCON                         (abs)        0014
_SSPIF                          (abs)        0063
_SSPSTAT                        (abs)        0094
_TMR0                           (abs)        0001
_TMR0IE                         (abs)        005D
_TMR0IF                         (abs)        005A
_TRISA                          (abs)        0085
_TRISB                          (abs)        0086
_TRISC                          (abs)        0087
_TRISD                          (abs)        0088
_TRISE                          (abs)        0089
_TRMT                           (abs)        04C1
_TXREG                          (abs)        0019
_TXSTA                          (abs)        0098
__CFG_BOREN$OFF                 (abs)        0000
__CFG_CP$OFF                    (abs)        0000
__CFG_CPD$OFF                   (abs)        0000
__CFG_FOSC$HS                   (abs)        0000
__CFG_LVP$OFF                   (abs)        0000
__CFG_PWRTE$OFF                 (abs)        0000
__CFG_WDTE$OFF                  (abs)        0000
__CFG_WRT$OFF                   (abs)        0000
__Habs1                         abs1         0000
__Hbank0                        bank0        0000
__Hbank1                        bank1        0000
__Hbank2                        bank2        0000
__Hbank3                        bank3        0000
__HbitbssCOMMON                 bitbssCOMMON 0000
__HbssBANK0                     bssBANK0     0000
__HbssCOMMON                    bssCOMMON    0000
__Hcinit                        cinit        002A
__Hclrtext                      clrtext      0000
__Hcode                         code         0000
__Hcommon                       common       0000
__Hconfig                       config       2008
__HcstackBANK0                  cstackBANK0  0000
__HcstackCOMMON                 cstackCOMMON 0000
__Heeprom_data                  eeprom_data  0000
__Hend_init                     end_init     0015
__Hfunctab                      functab      0000
__Hidloc                        idloc        0000
__Hinit                         init         0012
__Hintentry                     intentry     0012
__Hmaintext                     maintext     0000
__Hpowerup                      powerup      0000
__Hram                          ram          0000
__Hreset_vec                    reset_vec    0003
__Hsfr0                         sfr0         0000
__Hsfr1                         sfr1         0000
__Hsfr2                         sfr2         0000
__Hsfr3                         sfr3         0000
__Hspace_0                      (abs)        2008
__Hspace_1                      (abs)        03E9
__Hspace_2                      (abs)        0000
__Hspace_3                      (abs)        0000
__Hstack                        stack        0000
__Hstrings                      strings      0000
__Htext                         text         0000
__Labs1                         abs1         0000
__Lbank0                        bank0        0000
__Lbank1                        bank1        0000
__Lbank2                        bank2        0000
__Lbank3                        bank3        0000
__LbitbssCOMMON                 bitbssCOMMON 0000
__LbssBANK0                     bssBANK0     0000
__LbssCOMMON                    bssCOMMON    0000
__Lcinit                        cinit        0015
__Lclrtext                      clrtext      0000
__Lcode                         code         0000
__Lcommon                       common       0000
__Lconfig                       config       2007
__LcstackBANK0                  cstackBANK0  0000
__LcstackCOMMON                 cstackCOMMON 0000
__Leeprom_data                  eeprom_data  0000
__Lend_init                     end_init     0012
__Lfunctab                      functab      0000
__Lidloc                        idloc        0000
__Linit                         init         0012
__Lintentry                     intentry     0004
__Lmaintext                     maintext     0000
__Lpowerup                      powerup      0000
__Lram                          ram          0000
__Lreset_vec                    reset_vec    0000
__Lsfr0                         sfr0         0000
__Lsfr1                         sfr1         0000
__Lsfr2                         sfr2         0000
__Lsfr3                         sfr3         0000
__Lspace_0                      (abs)        0000
__Lspace_1                      (abs)        0000
__Lspace_2                      (abs)        0000
__Lspace_3                      (abs)        0000
__Lstack                        stack        0000
__Lstrings                      strings      0000
__Ltext                         text         0000
__S0                            (abs)        2008
__S1                            (abs)        007E
__S2                            (abs)        0000
__S3                            (abs)        0000
___int_sp                       stack        0000
___latbits                      (abs)        0002
___lwmod                        text11       017A
___lwmod@counter                cstackCOMMON 0075
___lwmod@dividend               cstackCOMMON 0072
___lwmod@divisor                cstackCOMMON 0070
___sp                           stack        0000
__end_of___lwmod                text11       01AC
__end_of__initialization        cinit        0026
__end_of_isr                    text10       017A
__end_of_lcdWriteControl        text4        0201
__end_of_lcdWriteData           text9        0214
__end_of_lcdWriteToDigitBCD     text8        00C1
__end_of_main                   maintext     0147
__end_of_ser_getch              text7        0247
__end_of_ser_init               text6        0232
__end_of_ser_putch              text5        023E
__end_of_setupLCD               text3        01D5
__end_of_setupSPI               text2        01ED
__end_of_spi_transfer           text1        0223
__initialization                cinit        0015
__pbitbssCOMMON                 bitbssCOMMON 03E8
__pbssBANK0                     bssBANK0     0038
__pbssCOMMON                    bssCOMMON    007A
__pcstackBANK0                  cstackBANK0  0020
__pcstackCOMMON                 cstackCOMMON 0070
__pintentry                     intentry     0004
__pmaintext                     maintext     00C1
__ptext1                        text1        0214
__ptext10                       text10       0147
__ptext11                       text11       017A
__ptext2                        text2        01D5
__ptext3                        text3        01AC
__ptext4                        text4        01ED
__ptext5                        text5        0232
__ptext6                        text6        0223
__ptext7                        text7        023E
__ptext8                        text8        002A
__ptext9                        text9        0201
__size_of___lwmod               (abs)        0000
__size_of_isr                   (abs)        0000
__size_of_lcdWriteControl       (abs)        0000
__size_of_lcdWriteData          (abs)        0000
__size_of_lcdWriteToDigitBCD    (abs)        0000
__size_of_main                  (abs)        0000
__size_of_ser_getch             (abs)        0000
__size_of_ser_init              (abs)        0000
__size_of_ser_putch             (abs)        0000
__size_of_setupLCD              (abs)        0000
__size_of_setupSPI              (abs)        0000
__size_of_spi_transfer          (abs)        0000
_adcRAW                         bssBANK0     003A
_currentStep                    bssCOMMON    007A
_degrees                        bssBANK0     003C
_isr                            text10       0147
_lcdWriteControl                text4        01ED
_lcdWriteData                   text9        0201
_lcdWriteToDigitBCD             text8        002A
_main                           maintext     00C1
_negativeFlag                   bssCOMMON    007B
_rxbyte                         bssBANK0     0042
_ser_getch                      text7        023E
_ser_init                       text6        0223
_ser_putch                      text5        0232
_setupLCD                       text3        01AC
_setupSPI                       text2        01D5
_spi_transfer                   text1        0214
_stepCount                      bssCOMMON    007C
_stepCountNeg                   bssBANK0     003E
_time_count                     bssBANK0     0040
btemp                           (abs)        007E
end_of_initialization           cinit        0026
interrupt_function              intentry     0004
intlevel0                       functab      0000
intlevel1                       functab      0000
intlevel2                       functab      0000
intlevel3                       functab      0000
intlevel4                       functab      0000
intlevel5                       functab      0000
lcdWriteControl@databyte        cstackBANK0  0022
lcdWriteData@databyte           cstackBANK0  0022
lcdWriteToDigitBCD@HunsDigit    cstackBANK0  0027
lcdWriteToDigitBCD@OnesDigit    cstackBANK0  002D
lcdWriteToDigitBCD@TenThouDigit cstackBANK0  002B
lcdWriteToDigitBCD@TensDigit    cstackBANK0  0025
lcdWriteToDigitBCD@ThouDigit    cstackBANK0  0029
lcdWriteToDigitBCD@data         cstackBANK0  0023
ltemp                           (abs)        007E
ltemp0                          (abs)        007E
ltemp1                          (abs)        0082
ltemp2                          (abs)        0086
ltemp3                          (abs)        0080
main@controlByte                cstackBANK0  0037
main@dist                       cstackBANK0  0035
main@highByte                   cstackBANK0  0031
main@lowByte                    cstackBANK0  0033
reset_vec                       reset_vec    0000
saved_w                         (abs)        007E
ser_getch@rxbyte                cstackBANK0  0021
ser_putch@c                     cstackBANK0  0020
spi_transfer@data               cstackBANK0  0022
spi_transfer@temp               cstackBANK0  0021
stackhi                         (abs)        0000
stacklo                         (abs)        0000
start                           init         0012
start_initialization            cinit        0015
ttemp                           (abs)        007E
ttemp0                          (abs)        007E
ttemp1                          (abs)        0081
ttemp2                          (abs)        0084
ttemp3                          (abs)        0087
ttemp4                          (abs)        007F
wtemp                           (abs)        007E
wtemp0                          (abs)        007E
wtemp1                          (abs)        0080
wtemp2                          (abs)        0082
wtemp3                          (abs)        0084
wtemp4                          (abs)        0086
wtemp5                          (abs)        0088
wtemp6                          (abs)        007F


FUNCTION INFORMATION:

 *************** function _main *****************
 Defined at:
		line 36 in file "main.c"
 Parameters:    Size  Location     Type
		None
 Auto vars:     Size  Location     Type
  dist            2   21[BANK0 ] int 
  lowByte         2   19[BANK0 ] int 
  highByte        2   17[BANK0 ] int 
  controlByte     1   23[BANK0 ] unsigned char 
 Return value:  Size  Location     Type
                  1    wreg      void 
 Registers used:
		wreg, status,2, status,0, pclath, cstack
 Tracked objects:
		On entry : 
		On exit  : 
		Unchanged: 
 Data sizes:     COMMON   BANK0   BANK1   BANK3   BANK2
      Params:         0       0       0       0       0
      Locals:         0       7       0       0       0
      Temps:          0       2       0       0       0
      Totals:         0       9       0       0       0
Total ram usage:        9 bytes
 Hardware stack levels required when called:    4
 This function calls:
		_lcdWriteToDigitBCD
		_ser_getch
		_ser_init
		_ser_putch
		_setupLCD
		_setupSPI
		_spi_transfer
 This function is called by:
		Startup code after reset
 This function uses a non-reentrant model


 *************** function _spi_transfer *****************
 Defined at:
		line 23 in file "SPI.c"
 Parameters:    Size  Location     Type
  data            1    wreg     unsigned char 
 Auto vars:     Size  Location     Type
  data            1    2[BANK0 ] unsigned char 
  temp            1    1[BANK0 ] unsigned char 
 Return value:  Size  Location     Type
                  1    wreg      unsigned char 
 Registers used:
		wreg, status,2
 Tracked objects:
		On entry : 
		On exit  : 
		Unchanged: 
 Data sizes:     COMMON   BANK0   BANK1   BANK3   BANK2
      Params:         0       0       0       0       0
      Locals:         0       2       0       0       0
      Temps:          0       1       0       0       0
      Totals:         0       3       0       0       0
Total ram usage:        3 bytes
 Hardware stack levels used:    1
 Hardware stack levels required when called:    2
 This function calls:
		Nothing
 This function is called by:
		_main
 This function uses a non-reentrant model


 *************** function _setupSPI *****************
 Defined at:
		line 4 in file "SPI.c"
 Parameters:    Size  Location     Type
		None
 Auto vars:     Size  Location     Type
		None
 Return value:  Size  Location     Type
                  1    wreg      void 
 Registers used:
		wreg, status,2
 Tracked objects:
		On entry : 
		On exit  : 
		Unchanged: 
 Data sizes:     COMMON   BANK0   BANK1   BANK3   BANK2
      Params:         0       0       0       0       0
      Locals:         0       0       0       0       0
      Temps:          0       0       0       0       0
      Totals:         0       0       0       0       0
Total ram usage:        0 bytes
 Hardware stack levels used:    1
 Hardware stack levels required when called:    2
 This function calls:
		Nothing
 This function is called by:
		_main
 This function uses a non-reentrant model


 *************** function _setupLCD *****************
 Defined at:
		line 86 in file "LCD.c"
 Parameters:    Size  Location     Type
		None
 Auto vars:     Size  Location     Type
		None
 Return value:  Size  Location     Type
                  1    wreg      void 
 Registers used:
		wreg, status,2, status,0, pclath, cstack
 Tracked objects:
		On entry : 
		On exit  : 
		Unchanged: 
 Data sizes:     COMMON   BANK0   BANK1   BANK3   BANK2
      Params:         0       0       0       0       0
      Locals:         0       0       0       0       0
      Temps:          0       0       0       0       0
      Totals:         0       0       0       0       0
Total ram usage:        0 bytes
 Hardware stack levels used:    1
 Hardware stack levels required when called:    3
 This function calls:
		_lcdWriteControl
 This function is called by:
		_main
 This function uses a non-reentrant model


 *************** function _lcdWriteControl *****************
 Defined at:
		line 9 in file "LCD.c"
 Parameters:    Size  Location     Type
  databyte        1    wreg     unsigned char 
 Auto vars:     Size  Location     Type
  databyte        1    2[BANK0 ] unsigned char 
 Return value:  Size  Location     Type
                  1    wreg      void 
 Registers used:
		wreg
 Tracked objects:
		On entry : 
		On exit  : 
		Unchanged: 
 Data sizes:     COMMON   BANK0   BANK1   BANK3   BANK2
      Params:         0       0       0       0       0
      Locals:         0       1       0       0       0
      Temps:          0       2       0       0       0
      Totals:         0       3       0       0       0
Total ram usage:        3 bytes
 Hardware stack levels used:    1
 Hardware stack levels required when called:    2
 This function calls:
		Nothing
 This function is called by:
		_setupLCD
		_lcdSetCursor
 This function uses a non-reentrant model


 *************** function _ser_putch *****************
 Defined at:
		line 28 in file "ser.c"
 Parameters:    Size  Location     Type
  c               1    wreg     unsigned char 
 Auto vars:     Size  Location     Type
  c               1    0[BANK0 ] unsigned char 
 Return value:  Size  Location     Type
                  1    wreg      void 
 Registers used:
		wreg
 Tracked objects:
		On entry : 
		On exit  : 
		Unchanged: 
 Data sizes:     COMMON   BANK0   BANK1   BANK3   BANK2
      Params:         0       0       0       0       0
      Locals:         0       1       0       0       0
      Temps:          0       0       0       0       0
      Totals:         0       1       0       0       0
Total ram usage:        1 bytes
 Hardware stack levels used:    1
 Hardware stack levels required when called:    2
 This function calls:
		Nothing
 This function is called by:
		_main
 This function uses a non-reentrant model


 *************** function _ser_init *****************
 Defined at:
		line 4 in file "ser.c"
 Parameters:    Size  Location     Type
		None
 Auto vars:     Size  Location     Type
		None
 Return value:  Size  Location     Type
                  1    wreg      void 
 Registers used:
		wreg
 Tracked objects:
		On entry : 
		On exit  : 
		Unchanged: 
 Data sizes:     COMMON   BANK0   BANK1   BANK3   BANK2
      Params:         0       0       0       0       0
      Locals:         0       0       0       0       0
      Temps:          0       0       0       0       0
      Totals:         0       0       0       0       0
Total ram usage:        0 bytes
 Hardware stack levels used:    1
 Hardware stack levels required when called:    2
 This function calls:
		Nothing
 This function is called by:
		_main
 This function uses a non-reentrant model


 *************** function _ser_getch *****************
 Defined at:
		line 33 in file "ser.c"
 Parameters:    Size  Location     Type
		None
 Auto vars:     Size  Location     Type
  rxbyte          1    1[BANK0 ] unsigned char 
 Return value:  Size  Location     Type
                  1    wreg      unsigned char 
 Registers used:
		wreg
 Tracked objects:
		On entry : 
		On exit  : 
		Unchanged: 
 Data sizes:     COMMON   BANK0   BANK1   BANK3   BANK2
      Params:         0       0       0       0       0
      Locals:         0       1       0       0       0
      Temps:          0       1       0       0       0
      Totals:         0       2       0       0       0
Total ram usage:        2 bytes
 Hardware stack levels used:    1
 Hardware stack levels required when called:    2
 This function calls:
		Nothing
 This function is called by:
		_main
 This function uses a non-reentrant model


 *************** function _lcdWriteToDigitBCD *****************
 Defined at:
		line 42 in file "LCD.c"
 Parameters:    Size  Location     Type
  data            2    3[BANK0 ] unsigned int 
 Auto vars:     Size  Location     Type
  OnesDigit       2   13[BANK0 ] unsigned int 
  TenThouDigit    2   11[BANK0 ] unsigned int 
  ThouDigit       2    9[BANK0 ] unsigned int 
  HunsDigit       2    7[BANK0 ] unsigned int 
  TensDigit       2    5[BANK0 ] unsigned int 
 Return value:  Size  Location     Type
                  1    wreg      void 
 Registers used:
		wreg, status,2, status,0, pclath, cstack
 Tracked objects:
		On entry : 
		On exit  : 
		Unchanged: 
 Data sizes:     COMMON   BANK0   BANK1   BANK3   BANK2
      Params:         0       2       0       0       0
      Locals:         0      10       0       0       0
      Temps:          0       0       0       0       0
      Totals:         0      12       0       0       0
Total ram usage:       12 bytes
 Hardware stack levels used:    1
 Hardware stack levels required when called:    3
 This function calls:
		_lcdWriteData
 This function is called by:
		_main
		_ADCMain
 This function uses a non-reentrant model


 *************** function _lcdWriteData *****************
 Defined at:
		line 20 in file "LCD.c"
 Parameters:    Size  Location     Type
  databyte        1    wreg     unsigned char 
 Auto vars:     Size  Location     Type
  databyte        1    2[BANK0 ] unsigned char 
 Return value:  Size  Location     Type
                  1    wreg      void 
 Registers used:
		wreg
 Tracked objects:
		On entry : 
		On exit  : 
		Unchanged: 
 Data sizes:     COMMON   BANK0   BANK1   BANK3   BANK2
      Params:         0       0       0       0       0
      Locals:         0       1       0       0       0
      Temps:          0       2       0       0       0
      Totals:         0       3       0       0       0
Total ram usage:        3 bytes
 Hardware stack levels used:    1
 Hardware stack levels required when called:    2
 This function calls:
		Nothing
 This function is called by:
		_lcdWriteToDigitBCD
		_lcdWriteString
 This function uses a non-reentrant model


 *************** function _isr *****************
 Defined at:
		line 12 in file "main.c"
 Parameters:    Size  Location     Type
		None
 Auto vars:     Size  Location     Type
		None
 Return value:  Size  Location     Type
                  1    wreg      void 
 Registers used:
		wreg, status,2, status,0, pclath, cstack
 Tracked objects:
		On entry : 
		On exit  : 
		Unchanged: 
 Data sizes:     COMMON   BANK0   BANK1   BANK3   BANK2
      Params:         0       0       0       0       0
      Locals:         0       0       0       0       0
      Temps:          4       0       0       0       0
      Totals:         4       0       0       0       0
Total ram usage:        4 bytes
 Hardware stack levels used:    1
 Hardware stack levels required when called:    1
 This function calls:
		___lwmod
 This function is called by:
		Interrupt level 1
 This function uses a non-reentrant model


 *************** function ___lwmod *****************
 Defined at:
		line 6 in file "F:\Program Files\Microchip\xc8\v1.38\sources\common\lwmod.c"
 Parameters:    Size  Location     Type
  divisor         2    0[COMMON] unsigned int 
  dividend        2    2[COMMON] unsigned int 
 Auto vars:     Size  Location     Type
  counter         1    5[COMMON] unsigned char 
 Return value:  Size  Location     Type
                  2    0[COMMON] unsigned int 
 Registers used:
		wreg, status,2, status,0
 Tracked objects:
		On entry : 
		On exit  : 
		Unchanged: 
 Data sizes:     COMMON   BANK0   BANK1   BANK3   BANK2
      Params:         4       0       0       0       0
      Locals:         1       0       0       0       0
      Temps:          1       0       0       0       0
      Totals:         6       0       0       0       0
Total ram usage:        6 bytes
 Hardware stack levels used:    1
 This function calls:
		Nothing
 This function is called by:
		_isr
 This function uses a non-reentrant model



MODULE INFORMATION

Module		Function		Class		Link	Load	Size
ser.c
		_ser_init      		CODE           	0223	0000	16
		_ser_getch     		CODE           	023E	0000	10
		_ser_putch     		CODE           	0232	0000	13

ser.c estimated size: 39

shared
		__initialization		CODE           	0015	0000	18

shared estimated size: 18

SPI.c
		_spi_transfer  		CODE           	0214	0000	16
		_setupSPI      		CODE           	01D5	0000	25

SPI.c estimated size: 41

main.c
		_main          		CODE           	00C1	0000	135
		_isr           		CODE           	0147	0000	52

main.c estimated size: 187

F:\Program Files\Microchip\xc8\v1.38\sources\common\lwmod.c
		___lwmod       		CODE           	017A	0000	51

F:\Program Files\Microchip\xc8\v1.38\sources\common\lwmod.c estimated size: 51

LCD.c
		_setupLCD      		CODE           	01AC	0000	42
		_lcdWriteControl		CODE           	01ED	0000	21
		_lcdWriteData  		CODE           	0201	0000	20
		_lcdWriteToDigitBCD		CODE           	002A	0000	152

LCD.c estimated size: 235

