Microchip MPLAB XC8 Compiler V1.38 ()

Linker command line:

--edf=C:\Program Files (x86)\Microchip\xc8\v1.38\dat\en_msgs.txt -cs \
  -h+dist/default/production\iRobot.X.production.sym \
  --cmf=dist/default/production\iRobot.X.production.cmf -z -w9 --norlf \
  -Q16F877A -oC:\Users\Brendan\AppData\Local\Temp\s3eo.2 \
  -Mdist/default/production/iRobot.X.production.map -E1 -ver=XC8 \
  -ACODE=00h-07FFhx4 -ASTRCODE=00h-01FFFh -ASTRING=00h-0FFhx32 \
  -ACONST=00h-0FFhx32 -AENTRY=00h-0FFhx32 -ACOMMON=070h-07Fh \
  -ABANK0=020h-06Fh -ABANK1=0A0h-0EFh -ABANK2=0110h-016Fh \
  -ABANK3=0190h-01EFh -ARAM=020h-06Fh,0A0h-0EFh,0110h-016Fh,0190h-01EFh \
  -AABS1=020h-07Fh,0A0h-0EFh,0110h-016Fh,0190h-01EFh -ASFR0=00h-01Fh \
  -ASFR1=080h-09Fh -ASFR2=0100h-010Fh -ASFR3=0180h-018Fh \
  -preset_vec=00h,intentry,init,end_init -ppowerup=CODE -pcinit=CODE \
  -pfunctab=CODE -ACONFIG=02007h-02007h -pconfig=CONFIG -DCONFIG=2 \
  -AIDLOC=02000h-02003h -pidloc=IDLOC -DIDLOC=2 -AEEDATA=00h-0FFh/02100h \
  -peeprom_data=EEDATA -DEEDATA=2 -DCODE=2 -DSTRCODE=2 -DSTRING=2 -DCONST=2 \
  -DENTRY=2 -k C:\Users\Brendan\AppData\Local\Temp\s3eo.obj \
  dist/default/production\iRobot.X.production.obj 

Object code version is 3.11

Machine type is 16F877A



                Name                               Link     Load   Length Selector   Space Scale
C:\Users\Brendan\AppData\Local\Temp\s3eo.obj
                end_init                              E        E        4        0       0
dist/default/production\iRobot.X.production.obj
                cinit                               7E6      7E6       1A      FCC       0
                intentry                              0        0        E        0       0
                text13                              526      526       32      A4C       0
                text12                              558      558       40      AB0       0
                text11                              598      598       5B      B30       0
                text10                              4D1      4D1       14      9A2       0
                text9                               482      482        9      904       0
                text8                               4BE      4BE       13      97C       0
                text7                               5F3      5F3       97      BE6       0
                text6                               48B      48B        9      916       0
                text5                               4A0      4A0        F      940       0
                text4                               494      494        C      928       0
                text3                               4FD      4FD       29      9FA       0
                text2                               4E5      4E5       18      9CA       0
                text1                               4AF      4AF        F      95E       0
                maintext                            68A      68A      15C      D14       0
                cstackBANK0                          3B       3B       13       20       1
                cstackCOMMON                         70       70        B       70       1
                clrtext                             47A      47A        8      8F4       0
                dataBANK0                            4E       4E        2       20       1
                bssBANK0                             20       20       1B       20       1
                bssCOMMON                            7B       7B        2       70       1
                bitbssCOMMON                        3E8       7D        1       70       1     8
                idataBANK0                          478      478        2      8F0       0

TOTAL           Name                               Link     Load   Length     Space
        CLASS   CODE           
                end_init                              E        E        4         0
                cinit                               7E6      7E6       1A         0
                intentry                              0        0        E         0
                text13                              526      526       32         0
                text12                              558      558       40         0
                text11                              598      598       5B         0
                text10                              4D1      4D1       14         0
                text9                               482      482        9         0
                text8                               4BE      4BE       13         0
                text7                               5F3      5F3       97         0
                text6                               48B      48B        9         0
                text5                               4A0      4A0        F         0
                text4                               494      494        C         0
                text3                               4FD      4FD       29         0
                text2                               4E5      4E5       18         0
                text1                               4AF      4AF        F         0
                maintext                            68A      68A      15C         0
                clrtext                             47A      47A        8         0
                idataBANK0                          478      478        2         0

        CLASS   STRCODE        

        CLASS   STRING         

        CLASS   CONST          

        CLASS   ENTRY          

        CLASS   COMMON         
                cstackCOMMON                         70       70        B         1
                bssCOMMON                            7B       7B        2         1
                bitbssCOMMON                        3E8       7D        1         1

        CLASS   BANK0          
                cstackBANK0                          3B       3B       13         1
                dataBANK0                            4E       4E        2         1
                bssBANK0                             20       20       1B         1

        CLASS   BANK1          

        CLASS   BANK2          

        CLASS   BANK3          

        CLASS   RAM            

        CLASS   ABS1           
                abs_s1                               7E       7E        2         1

        CLASS   SFR0           

        CLASS   SFR1           

        CLASS   SFR2           

        CLASS   SFR3           

        CLASS   CONFIG         

        CLASS   IDLOC          

        CLASS   EEDATA         

        CLASS   STACK          



SEGMENTS        Name                           Load    Length   Top    Selector   Space  Class     Delta

                reset_vec                      000000  000012  000012         0       0  CODE        2
                bssBANK0                       000020  000030  000050        20       1  BANK0       1
                cstackCOMMON                   000070  00000E  00007E        70       1  COMMON      1
                idataBANK0                     000478  000002  00047A       8F0       0  CODE        2
                clrtext                        00047A  000008  000482       8F4       0  CODE        2
                text9                          000482  000009  00048B       904       0  CODE        2
                text6                          00048B  000009  000494       916       0  CODE        2
                text4                          000494  00000C  0004A0       928       0  CODE        2
                text5                          0004A0  00000F  0004AF       940       0  CODE        2
                text1                          0004AF  00000F  0004BE       95E       0  CODE        2
                text8                          0004BE  000013  0004D1       97C       0  CODE        2
                text10                         0004D1  000014  0004E5       9A2       0  CODE        2
                text2                          0004E5  000018  0004FD       9CA       0  CODE        2
                text3                          0004FD  000029  000526       9FA       0  CODE        2
                text13                         000526  000032  000558       A4C       0  CODE        2
                text12                         000558  000040  000598       AB0       0  CODE        2
                text11                         000598  00005B  0005F3       B30       0  CODE        2
                text7                          0005F3  000097  00068A       BE6       0  CODE        2
                maintext                       00068A  00015C  0007E6       D14       0  CODE        2
                cinit                          0007E6  00001A  000800       FCC       0  CODE        2


UNUSED ADDRESS RANGES

        Name                Unused          Largest block    Delta
        BANK0            0050-006F             20           1
        BANK1            00A0-00EF             50           1
        BANK2            0110-016F             60           1
        BANK3            0190-01EF             60           1
        CODE             0012-0477            466           2
                         0800-1FFF            800
        CONFIG           2007-2007              1           2
        CONST            0012-0477            100           2
                         0800-1FFF            100
        EEDATA           2100-21FF            100           2
        ENTRY            0012-0477            100           2
                         0800-1FFF            100
        IDLOC            2000-2003              4           2
        RAM              0050-006F             20           1
                         00A0-00EF             50
                         0110-016F             60
                         0190-01EF             60
        SFR0             0000-001F             20           1
        SFR1             0080-009F             20           1
        SFR2             0100-010F             10           1
        SFR3             0180-018F             10           1
        STRCODE          0012-0477            466           2
                         0800-1FFF           1800
        STRING           0012-0477            100           2
                         0800-1FFF            100

                                  Symbol Table

__ADCMain                                        
__CFG_BOREN$OFF                 (abs)        0000
__CFG_CP$OFF                    (abs)        0000
__CFG_CPD$OFF                   (abs)        0000
__CFG_FOSC$HS                   (abs)        0000
__CFG_LVP$OFF                   (abs)        0000
__CFG_PWRTE$OFF                 (abs)        0000
__CFG_WDTE$OFF                  (abs)        0000
__CFG_WRT$OFF                   (abs)        0000
__Habs1                         abs1         0000
__Hbank0                        bank0        0000
__Hbank1                        bank1        0000
__Hbank2                        bank2        0000
__Hbank3                        bank3        0000
__HbitbssCOMMON                 bitbssCOMMON 0000
__HbssBANK0                     bssBANK0     0000
__HbssCOMMON                    bssCOMMON    0000
__Hclrtext                      clrtext      0000
__Hcode                         code         0000
__Hcommon                       common       0000
__Hconfig                       config       0000
__HcstackBANK0                  cstackBANK0  0000
__HcstackCOMMON                 cstackCOMMON 0000
__HdataBANK0                    dataBANK0    0000
__Heeprom_data                  eeprom_data  0000
__Hfunctab                      functab      0000
__HidataBANK0                   idataBANK0   0000
__Hidloc                        idloc        0000
__Hmaintext                     maintext     0000
__Hpowerup                      powerup      0000
__Hram                          ram          0000
__Hreset_vec                    reset_vec    0000
__Hsfr0                         sfr0         0000
__Hsfr1                         sfr1         0000
__Hsfr2                         sfr2         0000
__Hsfr3                         sfr3         0000
__Hspace_2                      (abs)        0000
__Hspace_3                      (abs)        0000
__Hstack                        stack        0000
__Hstrings                      strings      0000
__Htext                         text         0000
__Labs1                         abs1         0000
__Lbank0                        bank0        0000
__Lbank1                        bank1        0000
__Lbank2                        bank2        0000
__Lbank3                        bank3        0000
__LbitbssCOMMON                 bitbssCOMMON 0000
__LbssBANK0                     bssBANK0     0000
__LbssCOMMON                    bssCOMMON    0000
__Lclrtext                      clrtext      0000
__Lcode                         code         0000
__Lcommon                       common       0000
__Lconfig                       config       0000
__LcstackBANK0                  cstackBANK0  0000
__LcstackCOMMON                 cstackCOMMON 0000
__LdataBANK0                    dataBANK0    0000
__Leeprom_data                  eeprom_data  0000
__Lfunctab                      functab      0000
__LidataBANK0                   idataBANK0   0000
__Lidloc                        idloc        0000
__Lintentry                     intentry     0000
__Lmaintext                     maintext     0000
__Lpowerup                      powerup      0000
__Lram                          ram          0000
__Lreset_vec                    reset_vec    0000
__Lsfr0                         sfr0         0000
__Lsfr1                         sfr1         0000
__Lsfr2                         sfr2         0000
__Lsfr3                         sfr3         0000
__Lspace_0                      (abs)        0000
__Lspace_1                      (abs)        0000
__Lspace_2                      (abs)        0000
__Lspace_3                      (abs)        0000
__Lstack                        stack        0000
__Lstrings                      strings      0000
__Ltext                         text         0000
__S3                            (abs)        0000
___int_sp                       stack        0000
___sp                           stack        0000
__moveCCW                                        
__moveCW                                         
__pintentry                     intentry     0000
__size_of___awdiv               (abs)        0000
__size_of___lwmod               (abs)        0000
__size_of_isr                   (abs)        0000
__size_of_lcdSetCursor          (abs)        0000
__size_of_lcdWriteControl       (abs)        0000
__size_of_lcdWriteData          (abs)        0000
__size_of_lcdWriteToDigitBCD    (abs)        0000
__size_of_main                  (abs)        0000
__size_of_ser_getch             (abs)        0000
__size_of_ser_init              (abs)        0000
__size_of_ser_putch             (abs)        0000
__size_of_setupLCD              (abs)        0000
__size_of_setupSPI              (abs)        0000
__size_of_spi_transfer          (abs)        0000
_setupADC                                        
interrupt_function              intentry     0000
intlevel0                       functab      0000
intlevel1                       functab      0000
intlevel2                       functab      0000
intlevel3                       functab      0000
intlevel4                       functab      0000
intlevel5                       functab      0000
reset_vec                       reset_vec    0000
stackhi                         (abs)        0000
stacklo                         (abs)        0000
_TMR0                           (abs)        0001
___latbits                      (abs)        0002
_PORTC                          (abs)        0007
_PORTD                          (abs)        0008
_PORTE                          (abs)        0009
_SSPBUF                         (abs)        0013
_SSPCON                         (abs)        0014
_RCSTA                          (abs)        0018
_TXREG                          (abs)        0019
_RCREG                          (abs)        001A
__Hinit                         init         000E
__Hintentry                     intentry     000E
__Lend_init                     end_init     000E
__Linit                         init         000E
start                           init         000E
_Distance                       bssBANK0     0020
__pbssBANK0                     bssBANK0     0020
_adcRAW                         bssBANK0     0022
__Hend_init                     end_init     0012
_degrees                        bssBANK0     0024
_distTrav                       bssBANK0     0026
_loop                           bssBANK0     0028
_lowByte                        bssBANK0     002A
_stepClosest                    bssBANK0     002C
_stepCountNeg                   bssBANK0     002E
_RB0                            (abs)        0030
_time_count                     bssBANK0     0030
_RB1                            (abs)        0031
_totalDistTrav                  bssBANK0     0032
_PB7Counter                     bssBANK0     0034
_PB8Counter                     bssBANK0     0035
_rxbyte                         bssBANK0     0037
_stepCount                      bssBANK0     0038
_highByte                       bssBANK0     0039
_RC2                            (abs)        003A
?___awdiv                       cstackBANK0  003B
___awdiv@divisor                cstackBANK0  003B
__pcstackBANK0                  cstackBANK0  003B
ser_putch@c                     cstackBANK0  003B
ser_getch@rxbyte                cstackBANK0  003C
spi_transfer@temp               cstackBANK0  003C
___awdiv@dividend               cstackBANK0  003D
lcdWriteControl@databyte        cstackBANK0  003D
lcdWriteData@databyte           cstackBANK0  003D
spi_transfer@data               cstackBANK0  003D
lcdSetCursor@address            cstackBANK0  003E
lcdWriteToDigitBCD@data         cstackBANK0  003E
___awdiv@counter                cstackBANK0  0040
lcdWriteToDigitBCD@TensDigit    cstackBANK0  0040
___awdiv@sign                   cstackBANK0  0041
___awdiv@quotient               cstackBANK0  0042
lcdWriteToDigitBCD@HunsDigit    cstackBANK0  0042
lcdWriteToDigitBCD@ThouDigit    cstackBANK0  0044
lcdWriteToDigitBCD@TenThouDigit cstackBANK0  0046
_RE0                            (abs)        0048
lcdWriteToDigitBCD@OnesDigit    cstackBANK0  0048
_RE1                            (abs)        0049
_RE2                            (abs)        004A
main@controlByte                cstackBANK0  004D
__pdataBANK0                    dataBANK0    004E
_adcClosest                     dataBANK0    004E
_TMR0IF                         (abs)        005A
_TMR0IE                         (abs)        005D
_PEIE                           (abs)        005E
_GIE                            (abs)        005F
_SSPIF                          (abs)        0063
_RCIF                           (abs)        0065
?___lwmod                       cstackCOMMON 0070
___lwmod@divisor                cstackCOMMON 0070
__pcstackCOMMON                 cstackCOMMON 0070
___lwmod@dividend               cstackCOMMON 0072
___lwmod@counter                cstackCOMMON 0075
__pbssCOMMON                    bssCOMMON    007B
__S1                            (abs)        007E
btemp                           (abs)        007E
ltemp                           (abs)        007E
ltemp0                          (abs)        007E
saved_w                         (abs)        007E
ttemp                           (abs)        007E
ttemp0                          (abs)        007E
wtemp                           (abs)        007E
wtemp0                          (abs)        007E
ttemp4                          (abs)        007F
wtemp6                          (abs)        007F
ltemp3                          (abs)        0080
wtemp1                          (abs)        0080
_OPTION_REG                     (abs)        0081
ttemp1                          (abs)        0081
ltemp1                          (abs)        0082
wtemp2                          (abs)        0082
ttemp2                          (abs)        0084
wtemp3                          (abs)        0084
_TRISB                          (abs)        0086
ltemp2                          (abs)        0086
wtemp4                          (abs)        0086
_TRISC                          (abs)        0087
ttemp3                          (abs)        0087
_TRISD                          (abs)        0088
wtemp5                          (abs)        0088
_TRISE                          (abs)        0089
_SSPSTAT                        (abs)        0094
_TXSTA                          (abs)        0098
_SPBRG                          (abs)        0099
_ADCON1                         (abs)        009F
_FLAG_1000MS                    bitbssCOMMON 03E8
__pbitbssCOMMON                 bitbssCOMMON 03E8
__Hspace_1                      (abs)        03E9
_TRMT                           (abs)        04C1
__Hspace_0                      (abs)        0800
__S0                            (abs)        0800
__pidataBANK0                   idataBANK0   0478
clear_ram0                      clrtext      047A
__ptext9                        text9        0482
_lcdSetCursor                   text9        0482
__end_of_lcdSetCursor           text9        048B
__ptext6                        text6        048B
_ser_getch                      text6        048B
__end_of_ser_getch              text6        0494
__ptext4                        text4        0494
_ser_putch                      text4        0494
__end_of_ser_putch              text4        04A0
__ptext5                        text5        04A0
_ser_init                       text5        04A0
__end_of_ser_init               text5        04AF
__ptext1                        text1        04AF
_spi_transfer                   text1        04AF
__end_of_spi_transfer           text1        04BE
__ptext8                        text8        04BE
_lcdWriteData                   text8        04BE
__end_of_lcdWriteData           text8        04D1
__ptext10                       text10       04D1
_lcdWriteControl                text10       04D1
__end_of_lcdWriteControl        text10       04E5
__ptext2                        text2        04E5
_setupSPI                       text2        04E5
__end_of_setupSPI               text2        04FD
__ptext3                        text3        04FD
_setupLCD                       text3        04FD
___lwmod                        text13       0526
__end_of_setupLCD               text3        0526
__ptext13                       text13       0526
__end_of___lwmod                text13       0558
__ptext12                       text12       0558
_isr                            text12       0558
___awdiv                        text11       0598
__end_of_isr                    text12       0598
__ptext11                       text11       0598
__end_of___awdiv                text11       05F3
__ptext7                        text7        05F3
_lcdWriteToDigitBCD             text7        05F3
__end_of_lcdWriteToDigitBCD     text7        068A
__pmaintext                     maintext     068A
_main                           maintext     068A
__Lcinit                        cinit        07E6
__end_of_main                   maintext     07E6
__initialization                cinit        07E6
start_initialization            cinit        07E6
__end_of__initialization        cinit        07FC
end_of_initialization           cinit        07FC
__Hcinit                        cinit        0800
