Microchip MPLAB XC8 Compiler V1.38 ()

Linker command line:

--edf=C:\Program Files (x86)\Microchip\xc8\v1.38\dat\en_msgs.txt -cs \
  -h+dist/default/production\iRobot.X.production.sym \
  --cmf=dist/default/production\iRobot.X.production.cmf -z -Q16F877A \
  -oC:\Users\liamd\AppData\Local\Temp\s3n0.2 \
  -Mdist/default/production/iRobot.X.production.map -E1 -ver=XC8 \
  -ASTACK=0110h-016fh -pstack=STACK -ACODE=00h-07FFhx4 -ASTRCODE=00h-01FFFh \
  -ASTRING=00h-0FFhx32 -ACONST=00h-0FFhx32 -AENTRY=00h-0FFhx32 \
  -ACOMMON=070h-07Fh -ABANK0=020h-06Fh -ABANK1=0A0h-0EFh \
  -ABANK2=0110h-016Fh -ABANK3=0190h-01EFh \
  -ARAM=020h-06Fh,0A0h-0EFh,0110h-016Fh,0190h-01EFh \
  -AABS1=020h-07Fh,0A0h-0EFh,0110h-016Fh,0190h-01EFh -ASFR0=00h-01Fh \
  -ASFR1=080h-09Fh -ASFR2=0100h-010Fh -ASFR3=0180h-018Fh \
  -preset_vec=00h,intentry=04h,init,end_init -ppowerup=CODE -pcinit=CODE \
  -pfunctab=CODE -ACONFIG=02007h-02007h -pconfig=CONFIG -DCONFIG=2 \
  -AIDLOC=02000h-02003h -pidloc=IDLOC -DIDLOC=2 -AEEDATA=00h-0FFh/02100h \
  -peeprom_data=EEDATA -DEEDATA=2 -DCODE=2 -DSTRCODE=2 -DSTRING=2 -DCONST=2 \
  -DENTRY=2 -k C:\Users\liamd\AppData\Local\Temp\s3n0.obj \
  dist/default/production\iRobot.X.production.obj 

Object code version is 3.11

Machine type is 16F877A



                Name                               Link     Load   Length Selector   Space Scale
C:\Users\liamd\AppData\Local\Temp\s3n0.obj
                end_init                             12       12        3        8       0
                reset_vec                             0        0        3        0       0
                config                             2007     2007        1     400E       0
dist/default/production\iRobot.X.production.obj
                cinit                                15       15       18        8       0
                intentry                              4        4        E        8       0
                text26                              ED3      ED3       32     1DA6       0
                text25                              DAF      DAF        A     1B5E       0
                text24                              DB9      DB9        A     1B72       0
                text23                              F05      F05       3A     1E0A       0
                text22                              6E3      6E3       80        8       0
                text21                              654      654       8F        8       0
                text20                              F3F      F3F       3E     1E7E       0
                text19                              E62      E62       23     1CC4       0
                text18                               2D       2D      33E        8       0
                text17                              FBB      FBB       45     1F76       0
                text16                              E00      E00       14     1C00       0
                text15                              DA6      DA6        9     1B4C       0
                text14                              DED      DED       13     1BDA       0
                text13                              5BD      5BD       97        8       0
                text12                              E42      E42       20     1C84       0
                text11                              DC3      DC3        C     1B86       0
                text10                              E85      E85       25     1D0A       0
                text9                               7F6      7F6        A        8       0
                text8                               F7D      F7D       3E     1EFA       0
                text7                               7AE      7AE       48        8       0
                text6                               763      763       4B        8       0
                text5                               DCF      DCF        F     1B9E       0
                text4                               E14      E14       16     1C28       0
                text3                               EAA      EAA       29     1D54       0
                text2                               E2A      E2A       18     1C54       0
                text1                               DDE      DDE        F     1BBC       0
                maintext                            36B      36B      252        8       0
                cstackBANK0                          4A       4A       23       20       1
                cstackCOMMON                         70       70        E       70       1
                clrtext                             D9E      D9E        8     1B3C       0
                dataBANK0                            6D       6D        2       20       1
                bssBANK0                             20       20       2A       20       1
                bitbssBANK0                         378       6F        1       20       1     8
                idataBANK0                          D9C      D9C        2     1B38       0

TOTAL           Name                               Link     Load   Length     Space
        CLASS   STACK          

        CLASS   CODE           
                end_init                             12       12        3         0
                cinit                                15       15       18         0
                intentry                              4        4        E         0
                reset_vec                             0        0        3         0
                text26                              ED3      ED3       32         0
                text25                              DAF      DAF        A         0
                text24                              DB9      DB9        A         0
                text23                              F05      F05       3A         0
                text22                              6E3      6E3       80         0
                text21                              654      654       8F         0
                text20                              F3F      F3F       3E         0
                text19                              E62      E62       23         0
                text18                               2D       2D      33E         0
                text17                              FBB      FBB       45         0
                text16                              E00      E00       14         0
                text15                              DA6      DA6        9         0
                text14                              DED      DED       13         0
                text13                              5BD      5BD       97         0
                text12                              E42      E42       20         0
                text11                              DC3      DC3        C         0
                text10                              E85      E85       25         0
                text9                               7F6      7F6        A         0
                text8                               F7D      F7D       3E         0
                text7                               7AE      7AE       48         0
                text6                               763      763       4B         0
                text5                               DCF      DCF        F         0
                text4                               E14      E14       16         0
                text3                               EAA      EAA       29         0
                text2                               E2A      E2A       18         0
                text1                               DDE      DDE        F         0
                maintext                            36B      36B      252         0
                clrtext                             D9E      D9E        8         0
                idataBANK0                          D9C      D9C        2         0

        CLASS   STRCODE        

        CLASS   STRING         

        CLASS   CONST          

        CLASS   ENTRY          

        CLASS   COMMON         
                cstackCOMMON                         70       70        E         1

        CLASS   BANK0          
                cstackBANK0                          4A       4A       23         1
                dataBANK0                            6D       6D        2         1
                bssBANK0                             20       20       2A         1
                bitbssBANK0                         378       6F        1         1

        CLASS   BANK1          

        CLASS   BANK2          

        CLASS   BANK3          

        CLASS   RAM            

        CLASS   ABS1           
                abs_s1                               7E       7E        2         1

        CLASS   SFR0           

        CLASS   SFR1           

        CLASS   SFR2           

        CLASS   SFR3           

        CLASS   CONFIG         
                config                             2007     2007        1         0

        CLASS   IDLOC          

        CLASS   EEDATA         



SEGMENTS        Name                           Load    Length   Top    Selector   Space  Class     Delta

                reset_vec                      000000  000003  000003         0       0  CODE        2
                intentry                       000004  0007FC  000800         8       0  CODE        2
                bssBANK0                       000020  000050  000070        20       1  BANK0       1
                cstackCOMMON                   000070  00000E  00007E        70       1  COMMON      1
                idataBANK0                     000D9C  000002  000D9E      1B38       0  CODE        2
                clrtext                        000D9E  000008  000DA6      1B3C       0  CODE        2
                text15                         000DA6  000009  000DAF      1B4C       0  CODE        2
                text25                         000DAF  00000A  000DB9      1B5E       0  CODE        2
                text24                         000DB9  00000A  000DC3      1B72       0  CODE        2
                text11                         000DC3  00000C  000DCF      1B86       0  CODE        2
                text5                          000DCF  00000F  000DDE      1B9E       0  CODE        2
                text1                          000DDE  00000F  000DED      1BBC       0  CODE        2
                text14                         000DED  000013  000E00      1BDA       0  CODE        2
                text16                         000E00  000014  000E14      1C00       0  CODE        2
                text4                          000E14  000016  000E2A      1C28       0  CODE        2
                text2                          000E2A  000018  000E42      1C54       0  CODE        2
                text12                         000E42  000020  000E62      1C84       0  CODE        2
                text19                         000E62  000023  000E85      1CC4       0  CODE        2
                text10                         000E85  000025  000EAA      1D0A       0  CODE        2
                text3                          000EAA  000029  000ED3      1D54       0  CODE        2
                text26                         000ED3  000032  000F05      1DA6       0  CODE        2
                text23                         000F05  00003A  000F3F      1E0A       0  CODE        2
                text20                         000F3F  00003E  000F7D      1E7E       0  CODE        2
                text8                          000F7D  00003E  000FBB      1EFA       0  CODE        2
                text17                         000FBB  000045  001000      1F76       0  CODE        2
                config                         002007  000001  002008      400E       0  CONFIG      2


UNUSED ADDRESS RANGES

        Name                Unused          Largest block    Delta
        BANK1            00A0-00EF             50           1
        BANK2            0110-016F             60           1
        BANK3            0190-01EF             60           1
        CODE             0003-0003              1           2
                         0800-0D9B            59C
                         1000-1FFF            800
        CONST            0003-0003              1           2
                         0800-0D9B            100
                         1000-1FFF            100
        EEDATA           2100-21FF            100           2
        ENTRY            0003-0003              1           2
                         0800-0D9B            100
                         1000-1FFF            100
        IDLOC            2000-2003              4           2
        RAM              00A0-00EF             50           1
                         0110-016F             60
                         0190-01EF             60
        SFR0             0000-001F             20           1
        SFR1             0080-009F             20           1
        SFR2             0100-010F             10           1
        SFR3             0180-018F             10           1
        STACK            0110-016F             60           1
        STRCODE          0003-0003              1           2
                         0800-0D9B            59C
                         1000-1FFF           1000
        STRING           0003-0003              1           2
                         0800-0D9B            100
                         1000-1FFF            100

                                  Symbol Table

?___aldiv                       cstackBANK0  0050
?___lwdiv                       cstackBANK0  0050
?___lwmod                       cstackCOMMON 0070
?___wmul                        cstackBANK0  004A
?_getSensorData                 cstackBANK0  004C
?i1_getSensorData               cstackCOMMON 0072
Drive@radH                      cstackBANK0  004F
Drive@radL                      cstackBANK0  0051
Drive@speedH                    cstackBANK0  004B
Drive@speedL                    cstackBANK0  004D
_ADCMain                        text12       0E42
_ADCON0                         (abs)        001F
_ADCON1                         (abs)        009F
_ADRESH                         (abs)        001E
_ADRESL                         (abs)        009E
_Distance                       bssBANK0     0020
_Drive                          text10       0E85
_FLAG_1000MS                    bitbssBANK0  0378
_FLAG_AdvPlay                   bssBANK0     003C
_FLAG_Advanced                  bssBANK0     003D
_FLAG_Play                      bssBANK0     003E
_GIE                            (abs)        005F
_GO                             (abs)        00FA
_OPTION_REG                     (abs)        0081
_PB6Counter                     bssBANK0     003F
_PB7Counter                     bssBANK0     0040
_PB8Counter                     bssBANK0     0041
_PEIE                           (abs)        005E
_PORTA                          (abs)        0005
_PORTC                          (abs)        0007
_PORTD                          (abs)        0008
_PORTE                          (abs)        0009
_RB0                            (abs)        0030
_RB1                            (abs)        0031
_RB2                            (abs)        0032
_RB4                            (abs)        0034
_RC2                            (abs)        003A
_RCIF                           (abs)        0065
_RCREG                          (abs)        001A
_RCSTA                          (abs)        0018
_RE0                            (abs)        0048
_RE1                            (abs)        0049
_RE2                            (abs)        004A
_SPBRG                          (abs)        0099
_SSPBUF                         (abs)        0013
_SSPCON                         (abs)        0014
_SSPIF                          (abs)        0063
_SSPSTAT                        (abs)        0094
_TMR0                           (abs)        0001
_TMR0IE                         (abs)        005D
_TMR0IF                         (abs)        005A
_TRISA                          (abs)        0085
_TRISB                          (abs)        0086
_TRISC                          (abs)        0087
_TRISD                          (abs)        0088
_TRISE                          (abs)        0089
_TRMT                           (abs)        04C1
_TXREG                          (abs)        0019
_TXSTA                          (abs)        0098
__CFG_BOREN$OFF                 (abs)        0000
__CFG_CP$OFF                    (abs)        0000
__CFG_CPD$OFF                   (abs)        0000
__CFG_FOSC$HS                   (abs)        0000
__CFG_LVP$OFF                   (abs)        0000
__CFG_PWRTE$OFF                 (abs)        0000
__CFG_WDTE$OFF                  (abs)        0000
__CFG_WRT$OFF                   (abs)        0000
__Habs1                         abs1         0000
__Hbank0                        bank0        0000
__Hbank1                        bank1        0000
__Hbank2                        bank2        0000
__Hbank3                        bank3        0000
__HbitbssBANK0                  bitbssBANK0  0000
__HbssBANK0                     bssBANK0     0000
__Hcinit                        cinit        002D
__Hclrtext                      clrtext      0000
__Hcode                         code         0000
__Hcommon                       common       0000
__Hconfig                       config       2008
__HcstackBANK0                  cstackBANK0  0000
__HcstackCOMMON                 cstackCOMMON 0000
__HdataBANK0                    dataBANK0    0000
__Heeprom_data                  eeprom_data  0000
__Hend_init                     end_init     0015
__Hfunctab                      functab      0000
__HidataBANK0                   idataBANK0   0000
__Hidloc                        idloc        0000
__Hinit                         init         0012
__Hintentry                     intentry     0012
__Hmaintext                     maintext     0000
__Hpowerup                      powerup      0000
__Hram                          ram          0000
__Hreset_vec                    reset_vec    0003
__Hsfr0                         sfr0         0000
__Hsfr1                         sfr1         0000
__Hsfr2                         sfr2         0000
__Hsfr3                         sfr3         0000
__Hspace_0                      (abs)        2008
__Hspace_1                      (abs)        0379
__Hspace_2                      (abs)        0000
__Hspace_3                      (abs)        0000
__Hstack                        stack        0000
__Hstrings                      strings      0000
__Htext                         text         0000
__Labs1                         abs1         0000
__Lbank0                        bank0        0000
__Lbank1                        bank1        0000
__Lbank2                        bank2        0000
__Lbank3                        bank3        0000
__LbitbssBANK0                  bitbssBANK0  0000
__LbssBANK0                     bssBANK0     0000
__Lcinit                        cinit        0015
__Lclrtext                      clrtext      0000
__Lcode                         code         0000
__Lcommon                       common       0000
__Lconfig                       config       2007
__LcstackBANK0                  cstackBANK0  0000
__LcstackCOMMON                 cstackCOMMON 0000
__LdataBANK0                    dataBANK0    0000
__Leeprom_data                  eeprom_data  0000
__Lend_init                     end_init     0012
__Lfunctab                      functab      0000
__LidataBANK0                   idataBANK0   0000
__Lidloc                        idloc        0000
__Linit                         init         0012
__Lintentry                     intentry     0004
__Lmaintext                     maintext     0000
__Lpowerup                      powerup      0000
__Lram                          ram          0000
__Lreset_vec                    reset_vec    0000
__Lsfr0                         sfr0         0000
__Lsfr1                         sfr1         0000
__Lsfr2                         sfr2         0000
__Lsfr3                         sfr3         0000
__Lspace_0                      (abs)        0000
__Lspace_1                      (abs)        0000
__Lspace_2                      (abs)        0000
__Lspace_3                      (abs)        0000
__Lstack                        stack        0000
__Lstrings                      strings      0000
__Ltext                         text         0000
__S0                            (abs)        2008
__S1                            (abs)        007E
__S2                            (abs)        0000
__S3                            (abs)        0000
___aldiv                        text21       0654
___aldiv@counter                cstackBANK0  0059
___aldiv@dividend               cstackBANK0  0054
___aldiv@divisor                cstackBANK0  0050
___aldiv@quotient               cstackBANK0  005B
___aldiv@sign                   cstackBANK0  005A
___int_sp                       stack        0000
___latbits                      (abs)        0002
___lwdiv                        text20       0F3F
___lwdiv@counter                cstackBANK0  0057
___lwdiv@dividend               cstackBANK0  0052
___lwdiv@divisor                cstackBANK0  0050
___lwdiv@quotient               cstackBANK0  0055
___lwmod                        text26       0ED3
___lwmod@counter                cstackCOMMON 0075
___lwmod@dividend               cstackCOMMON 0072
___lwmod@divisor                cstackCOMMON 0070
___sp                           stack        0000
___wmul                         text19       0E62
___wmul@multiplicand            cstackBANK0  004C
___wmul@multiplier              cstackBANK0  004A
___wmul@product                 cstackBANK0  004E
__end_of_ADCMain                text12       0E62
__end_of_Drive                  text10       0EAA
__end_of___aldiv                text21       06E3
__end_of___lwdiv                text20       0F7D
__end_of___lwmod                text26       0F05
__end_of___wmul                 text19       0E85
__end_of__initialization        cinit        0029
__end_of_adcConvertMM           text18       036B
__end_of_getADC                 text17       1000
__end_of_getSensorData          text8        0FBB
__end_of_isr                    text22       0763
__end_of_lcdSetCursor           text15       0DAF
__end_of_lcdWriteControl        text16       0E14
__end_of_lcdWriteData           text14       0E00
__end_of_lcdWriteToDigitBCD     text13       0654
__end_of_main                   maintext     05BD
__end_of_moveCCW                text7        07F6
__end_of_moveCW                 text6        07AE
__end_of_ser_getch              text9        0800
__end_of_ser_init               text5        0DDE
__end_of_ser_putch              text11       0DCF
__end_of_setupADC               text4        0E2A
__end_of_setupLCD               text3        0ED3
__end_of_setupSPI               text2        0E42
__end_of_spi_transfer           text1        0DED
__end_ofi1_getSensorData        text23       0F3F
__end_ofi1_ser_getch            text25       0DB9
__end_ofi1_ser_putch            text24       0DC3
__initialization                cinit        0015
__pbitbssBANK0                  bitbssBANK0  0378
__pbssBANK0                     bssBANK0     0020
__pcstackBANK0                  cstackBANK0  004A
__pcstackCOMMON                 cstackCOMMON 0070
__pdataBANK0                    dataBANK0    006D
__pidataBANK0                   idataBANK0   0D9C
__pintentry                     intentry     0004
__pmaintext                     maintext     036B
__ptext1                        text1        0DDE
__ptext10                       text10       0E85
__ptext11                       text11       0DC3
__ptext12                       text12       0E42
__ptext13                       text13       05BD
__ptext14                       text14       0DED
__ptext15                       text15       0DA6
__ptext16                       text16       0E00
__ptext17                       text17       0FBB
__ptext18                       text18       002D
__ptext19                       text19       0E62
__ptext2                        text2        0E2A
__ptext20                       text20       0F3F
__ptext21                       text21       0654
__ptext22                       text22       06E3
__ptext23                       text23       0F05
__ptext24                       text24       0DB9
__ptext25                       text25       0DAF
__ptext26                       text26       0ED3
__ptext3                        text3        0EAA
__ptext4                        text4        0E14
__ptext5                        text5        0DCF
__ptext6                        text6        0763
__ptext7                        text7        07AE
__ptext8                        text8        0F7D
__ptext9                        text9        07F6
__size_of_ADCMain               (abs)        0000
__size_of_Drive                 (abs)        0000
__size_of___aldiv               (abs)        0000
__size_of___lwdiv               (abs)        0000
__size_of___lwmod               (abs)        0000
__size_of___wmul                (abs)        0000
__size_of_adcConvertMM          (abs)        0000
__size_of_getADC                (abs)        0000
__size_of_getSensorData         (abs)        0000
__size_of_isr                   (abs)        0000
__size_of_lcdSetCursor          (abs)        0000
__size_of_lcdWriteControl       (abs)        0000
__size_of_lcdWriteData          (abs)        0000
__size_of_lcdWriteToDigitBCD    (abs)        0000
__size_of_main                  (abs)        0000
__size_of_moveCCW               (abs)        0000
__size_of_moveCW                (abs)        0000
__size_of_ser_getch             (abs)        0000
__size_of_ser_init              (abs)        0000
__size_of_ser_putch             (abs)        0000
__size_of_setupADC              (abs)        0000
__size_of_setupLCD              (abs)        0000
__size_of_setupSPI              (abs)        0000
__size_of_spi_transfer          (abs)        0000
__size_ofi1_getSensorData       (abs)        0000
__size_ofi1_ser_getch           (abs)        0000
__size_ofi1_ser_putch           (abs)        0000
_adcClosest                     dataBANK0    006D
_adcConvertMM                   text18       002D
_adcRAW                         bssBANK0     0022
_angleTurned                    bssBANK0     0024
_currentStep                    bssBANK0     0044
_degrees                        bssBANK0     0026
_distTrav                       bssBANK0     0028
_getADC                         text17       0FBB
_getSensorData                  text8        0F7D
_highByte                       bssBANK0     0049
_isr                            text22       06E3
_lcdSetCursor                   text15       0DA6
_lcdWriteControl                text16       0E00
_lcdWriteData                   text14       0DED
_lcdWriteToDigitBCD             text13       05BD
_loop                           bssBANK0     002A
_lowByte                        bssBANK0     0045
_main                           maintext     036B
_moveCCW                        text7        07AE
_moveCW                         text6        0763
_negativeFlag                   bssBANK0     0046
_ser_getch                      text9        07F6
_ser_init                       text5        0DCF
_ser_putch                      text11       0DC3
_setupADC                       text4        0E14
_setupLCD                       text3        0EAA
_setupSPI                       text2        0E2A
_spi_transfer                   text1        0DDE
_stepClosest                    bssBANK0     0034
_stepCount                      bssBANK0     0048
_stepCountNeg                   bssBANK0     0036
_time_count                     bssBANK0     0038
_totalDistTrav                  bssBANK0     003A
adcConvertMM@adcRAW             cstackBANK0  005F
btemp                           (abs)        007E
clear_ram0                      clrtext      0D9E
end_of_initialization           cinit        0029
getSensorData@bytes             cstackBANK0  004C
getSensorData@packetID          cstackBANK0  0052
getSensorData@sensor            cstackBANK0  0050
i1_getSensorData                text23       0F05
i1_ser_getch                    text25       0DAF
i1_ser_putch                    text24       0DB9
i1getSensorData@bytes           cstackCOMMON 0072
i1getSensorData@packetID        cstackCOMMON 0076
i1getSensorData@sensor          cstackCOMMON 0077
i1ser_getch@rxbyte              cstackCOMMON 0071
i1ser_putch@c                   cstackCOMMON 0070
interrupt_function              intentry     0004
intlevel0                       functab      0000
intlevel1                       functab      0000
intlevel2                       functab      0000
intlevel3                       functab      0000
intlevel4                       functab      0000
intlevel5                       functab      0000
lcdSetCursor@address            cstackBANK0  004D
lcdWriteControl@databyte        cstackBANK0  004C
lcdWriteData@databyte           cstackBANK0  004C
lcdWriteToDigitBCD@HunsDigit    cstackBANK0  0051
lcdWriteToDigitBCD@OnesDigit    cstackBANK0  0057
lcdWriteToDigitBCD@TenThouDigit cstackBANK0  0055
lcdWriteToDigitBCD@TensDigit    cstackBANK0  004F
lcdWriteToDigitBCD@ThouDigit    cstackBANK0  0053
lcdWriteToDigitBCD@data         cstackBANK0  004D
ltemp                           (abs)        007E
ltemp0                          (abs)        007E
ltemp1                          (abs)        0082
ltemp2                          (abs)        0086
ltemp3                          (abs)        0080
main@controlByte                cstackBANK0  006C
reset_vec                       reset_vec    0000
saved_w                         (abs)        007E
ser_getch@rxbyte                cstackBANK0  004B
ser_putch@c                     cstackBANK0  004A
spi_transfer@data               cstackBANK0  004C
spi_transfer@temp               cstackBANK0  004B
stackhi                         (abs)        0000
stacklo                         (abs)        0000
start                           init         0012
start_initialization            cinit        0015
ttemp                           (abs)        007E
ttemp0                          (abs)        007E
ttemp1                          (abs)        0081
ttemp2                          (abs)        0084
ttemp3                          (abs)        0087
ttemp4                          (abs)        007F
wtemp                           (abs)        007E
wtemp0                          (abs)        007E
wtemp1                          (abs)        0080
wtemp2                          (abs)        0082
wtemp3                          (abs)        0084
wtemp4                          (abs)        0086
wtemp5                          (abs)        0088
wtemp6                          (abs)        007F


FUNCTION INFORMATION:

 *************** function _main *****************
 Defined at:
		line 72 in file "main.c"
 Parameters:    Size  Location     Type
		None
 Auto vars:     Size  Location     Type
  controlByte     1   34[BANK0 ] unsigned char 
 Return value:  Size  Location     Type
                  1    wreg      void 
 Registers used:
		wreg, fsr0l, fsr0h, status,2, status,0, btemp+1, pclath, cstack
 Tracked objects:
		On entry : 
		On exit  : 
		Unchanged: 
 Data sizes:     COMMON   BANK0   BANK1   BANK3   BANK2
      Params:         0       0       0       0       0
      Locals:         0       1       0       0       0
      Temps:          0       3       0       0       0
      Totals:         0       4       0       0       0
Total ram usage:        4 bytes
 Hardware stack levels required when called:    6
 This function calls:
		_ADCMain
		_Drive
		_getSensorData
		_lcdSetCursor
		_lcdWriteToDigitBCD
		_moveCCW
		_moveCW
		_ser_init
		_ser_putch
		_setupADC
		_setupLCD
		_setupSPI
		_spi_transfer
 This function is called by:
		Startup code after reset
 This function uses a non-reentrant model


 *************** function _spi_transfer *****************
 Defined at:
		line 23 in file "SPI.c"
 Parameters:    Size  Location     Type
  data            1    wreg     unsigned char 
 Auto vars:     Size  Location     Type
  data            1    2[BANK0 ] unsigned char 
  temp            1    1[BANK0 ] unsigned char 
 Return value:  Size  Location     Type
                  1    wreg      unsigned char 
 Registers used:
		wreg, status,2
 Tracked objects:
		On entry : 
		On exit  : 
		Unchanged: 
 Data sizes:     COMMON   BANK0   BANK1   BANK3   BANK2
      Params:         0       0       0       0       0
      Locals:         0       2       0       0       0
      Temps:          0       1       0       0       0
      Totals:         0       3       0       0       0
Total ram usage:        3 bytes
 Hardware stack levels used:    1
 Hardware stack levels required when called:    3
 This function calls:
		Nothing
 This function is called by:
		_main
 This function uses a non-reentrant model


 *************** function _setupSPI *****************
 Defined at:
		line 4 in file "SPI.c"
 Parameters:    Size  Location     Type
		None
 Auto vars:     Size  Location     Type
		None
 Return value:  Size  Location     Type
                  1    wreg      void 
 Registers used:
		wreg, status,2
 Tracked objects:
		On entry : 
		On exit  : 
		Unchanged: 
 Data sizes:     COMMON   BANK0   BANK1   BANK3   BANK2
      Params:         0       0       0       0       0
      Locals:         0       0       0       0       0
      Temps:          0       0       0       0       0
      Totals:         0       0       0       0       0
Total ram usage:        0 bytes
 Hardware stack levels used:    1
 Hardware stack levels required when called:    3
 This function calls:
		Nothing
 This function is called by:
		_main
 This function uses a non-reentrant model


 *************** function _setupLCD *****************
 Defined at:
		line 86 in file "LCD.c"
 Parameters:    Size  Location     Type
		None
 Auto vars:     Size  Location     Type
		None
 Return value:  Size  Location     Type
                  1    wreg      void 
 Registers used:
		wreg, status,2, status,0, pclath, cstack
 Tracked objects:
		On entry : 
		On exit  : 
		Unchanged: 
 Data sizes:     COMMON   BANK0   BANK1   BANK3   BANK2
      Params:         0       0       0       0       0
      Locals:         0       0       0       0       0
      Temps:          0       0       0       0       0
      Totals:         0       0       0       0       0
Total ram usage:        0 bytes
 Hardware stack levels used:    1
 Hardware stack levels required when called:    4
 This function calls:
		_lcdWriteControl
 This function is called by:
		_main
 This function uses a non-reentrant model


 *************** function _setupADC *****************
 Defined at:
		line 8 in file "ADC.c"
 Parameters:    Size  Location     Type
		None
 Auto vars:     Size  Location     Type
		None
 Return value:  Size  Location     Type
                  1    wreg      void 
 Registers used:
		wreg, status,2
 Tracked objects:
		On entry : 
		On exit  : 
		Unchanged: 
 Data sizes:     COMMON   BANK0   BANK1   BANK3   BANK2
      Params:         0       0       0       0       0
      Locals:         0       0       0       0       0
      Temps:          0       1       0       0       0
      Totals:         0       1       0       0       0
Total ram usage:        1 bytes
 Hardware stack levels used:    1
 Hardware stack levels required when called:    3
 This function calls:
		Nothing
 This function is called by:
		_main
 This function uses a non-reentrant model


 *************** function _ser_init *****************
 Defined at:
		line 5 in file "ser.c"
 Parameters:    Size  Location     Type
		None
 Auto vars:     Size  Location     Type
		None
 Return value:  Size  Location     Type
                  1    wreg      void 
 Registers used:
		wreg
 Tracked objects:
		On entry : 
		On exit  : 
		Unchanged: 
 Data sizes:     COMMON   BANK0   BANK1   BANK3   BANK2
      Params:         0       0       0       0       0
      Locals:         0       0       0       0       0
      Temps:          0       0       0       0       0
      Totals:         0       0       0       0       0
Total ram usage:        0 bytes
 Hardware stack levels used:    1
 Hardware stack levels required when called:    3
 This function calls:
		Nothing
 This function is called by:
		_main
 This function uses a non-reentrant model


 *************** function _moveCW *****************
 Defined at:
		line 5 in file "motor.c"
 Parameters:    Size  Location     Type
		None
 Auto vars:     Size  Location     Type
		None
 Return value:  Size  Location     Type
                  1    wreg      void 
 Registers used:
		wreg, fsr0l, fsr0h, status,2, status,0
 Tracked objects:
		On entry : 
		On exit  : 
		Unchanged: 
 Data sizes:     COMMON   BANK0   BANK1   BANK3   BANK2
      Params:         0       0       0       0       0
      Locals:         0       0       0       0       0
      Temps:          0       2       0       0       0
      Totals:         0       2       0       0       0
Total ram usage:        2 bytes
 Hardware stack levels used:    1
 Hardware stack levels required when called:    3
 This function calls:
		Nothing
 This function is called by:
		_main
 This function uses a non-reentrant model


 *************** function _moveCCW *****************
 Defined at:
		line 55 in file "motor.c"
 Parameters:    Size  Location     Type
		None
 Auto vars:     Size  Location     Type
		None
 Return value:  Size  Location     Type
                  1    wreg      void 
 Registers used:
		wreg, fsr0l, fsr0h, status,2, status,0
 Tracked objects:
		On entry : 
		On exit  : 
		Unchanged: 
 Data sizes:     COMMON   BANK0   BANK1   BANK3   BANK2
      Params:         0       0       0       0       0
      Locals:         0       0       0       0       0
      Temps:          0       2       0       0       0
      Totals:         0       2       0       0       0
Total ram usage:        2 bytes
 Hardware stack levels used:    1
 Hardware stack levels required when called:    3
 This function calls:
		Nothing
 This function is called by:
		_main
 This function uses a non-reentrant model


 *************** function _getSensorData *****************
 Defined at:
		line 55 in file "ser.c"
 Parameters:    Size  Location     Type
  packetID        1    wreg     unsigned char 
  bytes           1    2[BANK0 ] unsigned char 
 Auto vars:     Size  Location     Type
  packetID        1    8[BANK0 ] unsigned char 
  sensor          2    6[BANK0 ] int 
 Return value:  Size  Location     Type
                  2    2[BANK0 ] int 
 Registers used:
		wreg, status,2, status,0, btemp+1, pclath, cstack
 Tracked objects:
		On entry : 
		On exit  : 
		Unchanged: 
 Data sizes:     COMMON   BANK0   BANK1   BANK3   BANK2
      Params:         0       2       0       0       0
      Locals:         0       3       0       0       0
      Temps:          0       2       0       0       0
      Totals:         0       7       0       0       0
Total ram usage:        7 bytes
 Hardware stack levels used:    1
 Hardware stack levels required when called:    4
 This function calls:
		_ser_getch
		_ser_putch
 This function is called by:
		_main
 This function uses a non-reentrant model


 *************** function _ser_getch *****************
 Defined at:
		line 35 in file "ser.c"
 Parameters:    Size  Location     Type
		None
 Auto vars:     Size  Location     Type
  rxbyte          1    1[BANK0 ] unsigned char 
 Return value:  Size  Location     Type
                  1    wreg      unsigned char 
 Registers used:
		wreg
 Tracked objects:
		On entry : 
		On exit  : 
		Unchanged: 
 Data sizes:     COMMON   BANK0   BANK1   BANK3   BANK2
      Params:         0       0       0       0       0
      Locals:         0       1       0       0       0
      Temps:          0       1       0       0       0
      Totals:         0       2       0       0       0
Total ram usage:        2 bytes
 Hardware stack levels used:    1
 Hardware stack levels required when called:    3
 This function calls:
		Nothing
 This function is called by:
		_getSensorData
 This function uses a non-reentrant model


 *************** function _Drive *****************
 Defined at:
		line 45 in file "ser.c"
 Parameters:    Size  Location     Type
  speedH          2    1[BANK0 ] int 
  speedL          2    3[BANK0 ] int 
  radH            2    5[BANK0 ] int 
  radL            2    7[BANK0 ] int 
 Auto vars:     Size  Location     Type
		None
 Return value:  Size  Location     Type
                  1    wreg      void 
 Registers used:
		wreg, status,2, status,0, pclath, cstack
 Tracked objects:
		On entry : 
		On exit  : 
		Unchanged: 
 Data sizes:     COMMON   BANK0   BANK1   BANK3   BANK2
      Params:         0       8       0       0       0
      Locals:         0       0       0       0       0
      Temps:          0       0       0       0       0
      Totals:         0       8       0       0       0
Total ram usage:        8 bytes
 Hardware stack levels used:    1
 Hardware stack levels required when called:    4
 This function calls:
		_ser_putch
 This function is called by:
		_main
 This function uses a non-reentrant model


 *************** function _ser_putch *****************
 Defined at:
		line 30 in file "ser.c"
 Parameters:    Size  Location     Type
  c               1    wreg     unsigned char 
 Auto vars:     Size  Location     Type
  c               1    0[BANK0 ] unsigned char 
 Return value:  Size  Location     Type
                  1    wreg      void 
 Registers used:
		wreg
 Tracked objects:
		On entry : 
		On exit  : 
		Unchanged: 
 Data sizes:     COMMON   BANK0   BANK1   BANK3   BANK2
      Params:         0       0       0       0       0
      Locals:         0       1       0       0       0
      Temps:          0       0       0       0       0
      Totals:         0       1       0       0       0
Total ram usage:        1 bytes
 Hardware stack levels used:    1
 Hardware stack levels required when called:    3
 This function calls:
		Nothing
 This function is called by:
		_main
		_Drive
		_getSensorData
 This function uses a non-reentrant model


 *************** function _ADCMain *****************
 Defined at:
		line 19 in file "ADC.c"
 Parameters:    Size  Location     Type
		None
 Auto vars:     Size  Location     Type
		None
 Return value:  Size  Location     Type
                  1    wreg      void 
 Registers used:
		wreg, fsr0l, fsr0h, status,2, status,0, pclath, cstack
 Tracked objects:
		On entry : 
		On exit  : 
		Unchanged: 
 Data sizes:     COMMON   BANK0   BANK1   BANK3   BANK2
      Params:         0       0       0       0       0
      Locals:         0       0       0       0       0
      Temps:          0       0       0       0       0
      Totals:         0       0       0       0       0
Total ram usage:        0 bytes
 Hardware stack levels used:    1
 Hardware stack levels required when called:    5
 This function calls:
		_adcConvertMM
		_getADC
		_lcdSetCursor
		_lcdWriteToDigitBCD
 This function is called by:
		_main
 This function uses a non-reentrant model


 *************** function _lcdWriteToDigitBCD *****************
 Defined at:
		line 42 in file "LCD.c"
 Parameters:    Size  Location     Type
  data            2    3[BANK0 ] unsigned int 
 Auto vars:     Size  Location     Type
  OnesDigit       2   13[BANK0 ] unsigned int 
  TenThouDigit    2   11[BANK0 ] unsigned int 
  ThouDigit       2    9[BANK0 ] unsigned int 
  HunsDigit       2    7[BANK0 ] unsigned int 
  TensDigit       2    5[BANK0 ] unsigned int 
 Return value:  Size  Location     Type
                  1    wreg      void 
 Registers used:
		wreg, status,2, status,0, pclath, cstack
 Tracked objects:
		On entry : 
		On exit  : 
		Unchanged: 
 Data sizes:     COMMON   BANK0   BANK1   BANK3   BANK2
      Params:         0       2       0       0       0
      Locals:         0      10       0       0       0
      Temps:          0       0       0       0       0
      Totals:         0      12       0       0       0
Total ram usage:       12 bytes
 Hardware stack levels used:    1
 Hardware stack levels required when called:    4
 This function calls:
		_lcdWriteData
 This function is called by:
		_main
		_ADCMain
 This function uses a non-reentrant model


 *************** function _lcdWriteData *****************
 Defined at:
		line 20 in file "LCD.c"
 Parameters:    Size  Location     Type
  databyte        1    wreg     unsigned char 
 Auto vars:     Size  Location     Type
  databyte        1    2[BANK0 ] unsigned char 
 Return value:  Size  Location     Type
                  1    wreg      void 
 Registers used:
		wreg
 Tracked objects:
		On entry : 
		On exit  : 
		Unchanged: 
 Data sizes:     COMMON   BANK0   BANK1   BANK3   BANK2
      Params:         0       0       0       0       0
      Locals:         0       1       0       0       0
      Temps:          0       2       0       0       0
      Totals:         0       3       0       0       0
Total ram usage:        3 bytes
 Hardware stack levels used:    1
 Hardware stack levels required when called:    3
 This function calls:
		Nothing
 This function is called by:
		_lcdWriteToDigitBCD
		_lcdWriteString
 This function uses a non-reentrant model


 *************** function _lcdSetCursor *****************
 Defined at:
		line 31 in file "LCD.c"
 Parameters:    Size  Location     Type
  address         1    wreg     unsigned char 
 Auto vars:     Size  Location     Type
  address         1    3[BANK0 ] unsigned char 
 Return value:  Size  Location     Type
                  1    wreg      void 
 Registers used:
		wreg, status,2, status,0, pclath, cstack
 Tracked objects:
		On entry : 
		On exit  : 
		Unchanged: 
 Data sizes:     COMMON   BANK0   BANK1   BANK3   BANK2
      Params:         0       0       0       0       0
      Locals:         0       1       0       0       0
      Temps:          0       0       0       0       0
      Totals:         0       1       0       0       0
Total ram usage:        1 bytes
 Hardware stack levels used:    1
 Hardware stack levels required when called:    4
 This function calls:
		_lcdWriteControl
 This function is called by:
		_main
		_ADCMain
 This function uses a non-reentrant model


 *************** function _lcdWriteControl *****************
 Defined at:
		line 9 in file "LCD.c"
 Parameters:    Size  Location     Type
  databyte        1    wreg     unsigned char 
 Auto vars:     Size  Location     Type
  databyte        1    2[BANK0 ] unsigned char 
 Return value:  Size  Location     Type
                  1    wreg      void 
 Registers used:
		wreg
 Tracked objects:
		On entry : 
		On exit  : 
		Unchanged: 
 Data sizes:     COMMON   BANK0   BANK1   BANK3   BANK2
      Params:         0       0       0       0       0
      Locals:         0       1       0       0       0
      Temps:          0       2       0       0       0
      Totals:         0       3       0       0       0
Total ram usage:        3 bytes
 Hardware stack levels used:    1
 Hardware stack levels required when called:    3
 This function calls:
		Nothing
 This function is called by:
		_lcdSetCursor
		_setupLCD
 This function uses a non-reentrant model


 *************** function _getADC *****************
 Defined at:
		line 29 in file "ADC.c"
 Parameters:    Size  Location     Type
		None
 Auto vars:     Size  Location     Type
		None
 Return value:  Size  Location     Type
                  2  398[None  ] unsigned int 
 Registers used:
		wreg, fsr0l, fsr0h, status,2, status,0
 Tracked objects:
		On entry : 
		On exit  : 
		Unchanged: 
 Data sizes:     COMMON   BANK0   BANK1   BANK3   BANK2
      Params:         0       0       0       0       0
      Locals:         0       0       0       0       0
      Temps:          0       2       0       0       0
      Totals:         0       2       0       0       0
Total ram usage:        2 bytes
 Hardware stack levels used:    1
 Hardware stack levels required when called:    3
 This function calls:
		Nothing
 This function is called by:
		_ADCMain
 This function uses a non-reentrant model


 *************** function _adcConvertMM *****************
 Defined at:
		line 59 in file "ADC.c"
 Parameters:    Size  Location     Type
  adcRAW          2   21[BANK0 ] unsigned int 
 Auto vars:     Size  Location     Type
		None
 Return value:  Size  Location     Type
                  2   21[BANK0 ] unsigned int 
 Registers used:
		wreg, status,2, status,0, pclath, cstack
 Tracked objects:
		On entry : 
		On exit  : 
		Unchanged: 
 Data sizes:     COMMON   BANK0   BANK1   BANK3   BANK2
      Params:         0       2       0       0       0
      Locals:         0       0       0       0       0
      Temps:          0       8       0       0       0
      Totals:         0      10       0       0       0
Total ram usage:       10 bytes
 Hardware stack levels used:    1
 Hardware stack levels required when called:    4
 This function calls:
		___aldiv
		___lwdiv
		___wmul
 This function is called by:
		_ADCMain
 This function uses a non-reentrant model


 *************** function ___wmul *****************
 Defined at:
		line 15 in file "C:\Program Files (x86)\Microchip\xc8\v1.38\sources\common\Umul16.c"
 Parameters:    Size  Location     Type
  multiplier      2    0[BANK0 ] unsigned int 
  multiplicand    2    2[BANK0 ] unsigned int 
 Auto vars:     Size  Location     Type
  product         2    4[BANK0 ] unsigned int 
 Return value:  Size  Location     Type
                  2    0[BANK0 ] unsigned int 
 Registers used:
		wreg, status,2, status,0
 Tracked objects:
		On entry : 
		On exit  : 
		Unchanged: 
 Data sizes:     COMMON   BANK0   BANK1   BANK3   BANK2
      Params:         0       4       0       0       0
      Locals:         0       2       0       0       0
      Temps:          0       0       0       0       0
      Totals:         0       6       0       0       0
Total ram usage:        6 bytes
 Hardware stack levels used:    1
 Hardware stack levels required when called:    3
 This function calls:
		Nothing
 This function is called by:
		_adcConvertMM
 This function uses a non-reentrant model


 *************** function ___lwdiv *****************
 Defined at:
		line 6 in file "C:\Program Files (x86)\Microchip\xc8\v1.38\sources\common\lwdiv.c"
 Parameters:    Size  Location     Type
  divisor         2    6[BANK0 ] unsigned int 
  dividend        2    8[BANK0 ] unsigned int 
 Auto vars:     Size  Location     Type
  quotient        2   11[BANK0 ] unsigned int 
  counter         1   13[BANK0 ] unsigned char 
 Return value:  Size  Location     Type
                  2    6[BANK0 ] unsigned int 
 Registers used:
		wreg, status,2, status,0
 Tracked objects:
		On entry : 
		On exit  : 
		Unchanged: 
 Data sizes:     COMMON   BANK0   BANK1   BANK3   BANK2
      Params:         0       4       0       0       0
      Locals:         0       3       0       0       0
      Temps:          0       1       0       0       0
      Totals:         0       8       0       0       0
Total ram usage:        8 bytes
 Hardware stack levels used:    1
 Hardware stack levels required when called:    3
 This function calls:
		Nothing
 This function is called by:
		_adcConvertMM
 This function uses a non-reentrant model


 *************** function ___aldiv *****************
 Defined at:
		line 6 in file "C:\Program Files (x86)\Microchip\xc8\v1.38\sources\common\aldiv.c"
 Parameters:    Size  Location     Type
  divisor         4    6[BANK0 ] long 
  dividend        4   10[BANK0 ] long 
 Auto vars:     Size  Location     Type
  quotient        4   17[BANK0 ] long 
  sign            1   16[BANK0 ] unsigned char 
  counter         1   15[BANK0 ] unsigned char 
 Return value:  Size  Location     Type
                  4    6[BANK0 ] long 
 Registers used:
		wreg, status,2, status,0
 Tracked objects:
		On entry : 
		On exit  : 
		Unchanged: 
 Data sizes:     COMMON   BANK0   BANK1   BANK3   BANK2
      Params:         0       8       0       0       0
      Locals:         0       6       0       0       0
      Temps:          0       1       0       0       0
      Totals:         0      15       0       0       0
Total ram usage:       15 bytes
 Hardware stack levels used:    1
 Hardware stack levels required when called:    3
 This function calls:
		Nothing
 This function is called by:
		_adcConvertMM
 This function uses a non-reentrant model


 *************** function _isr *****************
 Defined at:
		line 29 in file "main.c"
 Parameters:    Size  Location     Type
		None
 Auto vars:     Size  Location     Type
		None
 Return value:  Size  Location     Type
                  1    wreg      void 
 Registers used:
		wreg, status,2, status,0, btemp+1, pclath, cstack
 Tracked objects:
		On entry : 
		On exit  : 
		Unchanged: 
 Data sizes:     COMMON   BANK0   BANK1   BANK3   BANK2
      Params:         0       0       0       0       0
      Locals:         0       0       0       0       0
      Temps:          5       0       0       0       0
      Totals:         5       0       0       0       0
Total ram usage:        5 bytes
 Hardware stack levels used:    1
 Hardware stack levels required when called:    2
 This function calls:
		___lwmod
		i1_getSensorData
 This function is called by:
		Interrupt level 1
 This function uses a non-reentrant model


 *************** function i1_getSensorData *****************
 Defined at:
		line 55 in file "ser.c"
 Parameters:    Size  Location     Type
  packetID        1    wreg     unsigned char 
  bytes           1    2[COMMON] unsigned char 
 Auto vars:     Size  Location     Type
  packetID        1    6[COMMON] unsigned char 
  getSensorDat    2    7[COMMON] int 
 Return value:  Size  Location     Type
                  2    2[COMMON] int 
 Registers used:
		wreg, status,2, status,0, btemp+1, pclath, cstack
 Tracked objects:
		On entry : 
		On exit  : 
		Unchanged: 
 Data sizes:     COMMON   BANK0   BANK1   BANK3   BANK2
      Params:         2       0       0       0       0
      Locals:         3       0       0       0       0
      Temps:          2       0       0       0       0
      Totals:         7       0       0       0       0
Total ram usage:        7 bytes
 Hardware stack levels used:    1
 Hardware stack levels required when called:    1
 This function calls:
		i1_ser_getch
		i1_ser_putch
 This function is called by:
		_isr
 This function uses a non-reentrant model


 *************** function i1_ser_putch *****************
 Defined at:
		line 30 in file "ser.c"
 Parameters:    Size  Location     Type
  c               1    wreg     unsigned char 
 Auto vars:     Size  Location     Type
  c               1    0[COMMON] unsigned char 
 Return value:  Size  Location     Type
                  1    wreg      void 
 Registers used:
		wreg
 Tracked objects:
		On entry : 
		On exit  : 
		Unchanged: 
 Data sizes:     COMMON   BANK0   BANK1   BANK3   BANK2
      Params:         0       0       0       0       0
      Locals:         1       0       0       0       0
      Temps:          0       0       0       0       0
      Totals:         1       0       0       0       0
Total ram usage:        1 bytes
 Hardware stack levels used:    1
 This function calls:
		Nothing
 This function is called by:
		i1_getSensorData
 This function uses a non-reentrant model


 *************** function i1_ser_getch *****************
 Defined at:
		line 35 in file "ser.c"
 Parameters:    Size  Location     Type
		None
 Auto vars:     Size  Location     Type
  ser_getch       1    1[COMMON] unsigned char 
 Return value:  Size  Location     Type
                  1    wreg      unsigned char 
 Registers used:
		wreg
 Tracked objects:
		On entry : 
		On exit  : 
		Unchanged: 
 Data sizes:     COMMON   BANK0   BANK1   BANK3   BANK2
      Params:         0       0       0       0       0
      Locals:         1       0       0       0       0
      Temps:          1       0       0       0       0
      Totals:         2       0       0       0       0
Total ram usage:        2 bytes
 Hardware stack levels used:    1
 This function calls:
		Nothing
 This function is called by:
		i1_getSensorData
 This function uses a non-reentrant model


 *************** function ___lwmod *****************
 Defined at:
		line 6 in file "C:\Program Files (x86)\Microchip\xc8\v1.38\sources\common\lwmod.c"
 Parameters:    Size  Location     Type
  divisor         2    0[COMMON] unsigned int 
  dividend        2    2[COMMON] unsigned int 
 Auto vars:     Size  Location     Type
  counter         1    5[COMMON] unsigned char 
 Return value:  Size  Location     Type
                  2    0[COMMON] unsigned int 
 Registers used:
		wreg, status,2, status,0
 Tracked objects:
		On entry : 
		On exit  : 
		Unchanged: 
 Data sizes:     COMMON   BANK0   BANK1   BANK3   BANK2
      Params:         4       0       0       0       0
      Locals:         1       0       0       0       0
      Temps:          1       0       0       0       0
      Totals:         6       0       0       0       0
Total ram usage:        6 bytes
 Hardware stack levels used:    1
 This function calls:
		Nothing
 This function is called by:
		_isr
 This function uses a non-reentrant model



MODULE INFORMATION

Module		Function		Class		Link	Load	Size
C:\Program Files (x86)\Microchip\xc8\v1.38\sources\common\lwmod.c
		___lwmod       		CODE           	0ED3	0000	51

C:\Program Files (x86)\Microchip\xc8\v1.38\sources\common\lwmod.c estimated size: 51

C:\Program Files (x86)\Microchip\xc8\v1.38\sources\common\Umul16.c
		___wmul        		CODE           	0E62	0000	36

C:\Program Files (x86)\Microchip\xc8\v1.38\sources\common\Umul16.c estimated size: 36

ser.c
		_Drive         		CODE           	0E85	0000	38
		_ser_init      		CODE           	0DCF	0000	16
		_ser_getch     		CODE           	07F6	0000	11
		_ser_putch     		CODE           	0DC3	0000	13
		_getSensorData 		CODE           	0F7D	0000	63

ser.c estimated size: 141

C:\Program Files (x86)\Microchip\xc8\v1.38\sources\common\lwdiv.c
		___lwdiv       		CODE           	0F3F	0000	63

C:\Program Files (x86)\Microchip\xc8\v1.38\sources\common\lwdiv.c estimated size: 63

motor.c
		_moveCCW       		CODE           	07AE	0000	73
		_moveCW        		CODE           	0763	0000	76

motor.c estimated size: 149

C:\Program Files (x86)\Microchip\xc8\v1.38\sources\common\aldiv.c
		___aldiv       		CODE           	0654	0000	144

C:\Program Files (x86)\Microchip\xc8\v1.38\sources\common\aldiv.c estimated size: 144

shared
		i1_getSensorData		CODE           	0F05	0000	59
		__initialization		CODE           	0015	0000	21
		i1_ser_getch   		CODE           	0DAF	0000	11
		i1_ser_putch   		CODE           	0DB9	0000	11

shared estimated size: 102

ADC.c
		_ADCMain       		CODE           	0E42	0000	33
		_adcConvertMM  		CODE           	002D	0000	831
		_getADC        		CODE           	0FBB	0000	70
		_setupADC      		CODE           	0E14	0000	23

ADC.c estimated size: 957

SPI.c
		_spi_transfer  		CODE           	0DDE	0000	16
		_setupSPI      		CODE           	0E2A	0000	25

SPI.c estimated size: 41

main.c
		_main          		CODE           	036B	0000	595
		_isr           		CODE           	06E3	0000	129

main.c estimated size: 724

LCD.c
		_setupLCD      		CODE           	0EAA	0000	42
		_lcdSetCursor  		CODE           	0DA6	0000	10
		_lcdWriteControl		CODE           	0E00	0000	21
		_lcdWriteData  		CODE           	0DED	0000	20
		_lcdWriteToDigitBCD		CODE           	05BD	0000	152

LCD.c estimated size: 245

